<?xml version="1.0"?>
<link_info>
   <banner>MSP430 Linker Unix v4.4.2</banner>
   <copyright>Copyright (c) 2003-2014 Texas Instruments Incorporated</copyright>
   <link_time>0x54b26c31</link_time>
   <link_errors>0x0</link_errors>
   <output_file>msp430fr59xx_adc12_10.out</output_file>
   <entry_point>
      <name>_c_int00_noargs_noexit</name>
      <address>0x4400</address>
   </entry_point>
   <input_file_list>
      <input_file id="fl-2">
         <path>./</path>
         <kind>object</kind>
         <file>msp430fr59xx_adc12_10.obj</file>
         <name>msp430fr59xx_adc12_10.obj</name>
      </input_file>
      <input_file id="fl-37">
         <path>/home/irving/bin/ti/ccsv6/tools/compiler/ti-cgt-msp430_4.4.2/lib/</path>
         <kind>archive</kind>
         <file>rts430x_lc_rd_eabi.lib</file>
         <name>copy_decompress_none.obj</name>
      </input_file>
      <input_file id="fl-38">
         <path>/home/irving/bin/ti/ccsv6/tools/compiler/ti-cgt-msp430_4.4.2/lib/</path>
         <kind>archive</kind>
         <file>rts430x_lc_rd_eabi.lib</file>
         <name>copy_decompress_rle.obj</name>
      </input_file>
      <input_file id="fl-39">
         <path>/home/irving/bin/ti/ccsv6/tools/compiler/ti-cgt-msp430_4.4.2/lib/</path>
         <kind>archive</kind>
         <file>rts430x_lc_rd_eabi.lib</file>
         <name>int30.obj</name>
      </input_file>
      <input_file id="fl-3a">
         <path>/home/irving/bin/ti/ccsv6/tools/compiler/ti-cgt-msp430_4.4.2/lib/</path>
         <kind>archive</kind>
         <file>rts430x_lc_rd_eabi.lib</file>
         <name>isr_trap.obj</name>
      </input_file>
      <input_file id="fl-3b">
         <path>/home/irving/bin/ti/ccsv6/tools/compiler/ti-cgt-msp430_4.4.2/lib/</path>
         <kind>archive</kind>
         <file>rts430x_lc_rd_eabi.lib</file>
         <name>int31.obj</name>
      </input_file>
      <input_file id="fl-3c">
         <path>/home/irving/bin/ti/ccsv6/tools/compiler/ti-cgt-msp430_4.4.2/lib/</path>
         <kind>archive</kind>
         <file>rts430x_lc_rd_eabi.lib</file>
         <name>int32.obj</name>
      </input_file>
      <input_file id="fl-3d">
         <path>/home/irving/bin/ti/ccsv6/tools/compiler/ti-cgt-msp430_4.4.2/lib/</path>
         <kind>archive</kind>
         <file>rts430x_lc_rd_eabi.lib</file>
         <name>int33.obj</name>
      </input_file>
      <input_file id="fl-3e">
         <path>/home/irving/bin/ti/ccsv6/tools/compiler/ti-cgt-msp430_4.4.2/lib/</path>
         <kind>archive</kind>
         <file>rts430x_lc_rd_eabi.lib</file>
         <name>int34.obj</name>
      </input_file>
      <input_file id="fl-3f">
         <path>/home/irving/bin/ti/ccsv6/tools/compiler/ti-cgt-msp430_4.4.2/lib/</path>
         <kind>archive</kind>
         <file>rts430x_lc_rd_eabi.lib</file>
         <name>int35.obj</name>
      </input_file>
      <input_file id="fl-40">
         <path>/home/irving/bin/ti/ccsv6/tools/compiler/ti-cgt-msp430_4.4.2/lib/</path>
         <kind>archive</kind>
         <file>rts430x_lc_rd_eabi.lib</file>
         <name>int36.obj</name>
      </input_file>
      <input_file id="fl-41">
         <path>/home/irving/bin/ti/ccsv6/tools/compiler/ti-cgt-msp430_4.4.2/lib/</path>
         <kind>archive</kind>
         <file>rts430x_lc_rd_eabi.lib</file>
         <name>int37.obj</name>
      </input_file>
      <input_file id="fl-42">
         <path>/home/irving/bin/ti/ccsv6/tools/compiler/ti-cgt-msp430_4.4.2/lib/</path>
         <kind>archive</kind>
         <file>rts430x_lc_rd_eabi.lib</file>
         <name>int38.obj</name>
      </input_file>
      <input_file id="fl-43">
         <path>/home/irving/bin/ti/ccsv6/tools/compiler/ti-cgt-msp430_4.4.2/lib/</path>
         <kind>archive</kind>
         <file>rts430x_lc_rd_eabi.lib</file>
         <name>int39.obj</name>
      </input_file>
      <input_file id="fl-44">
         <path>/home/irving/bin/ti/ccsv6/tools/compiler/ti-cgt-msp430_4.4.2/lib/</path>
         <kind>archive</kind>
         <file>rts430x_lc_rd_eabi.lib</file>
         <name>int40.obj</name>
      </input_file>
      <input_file id="fl-45">
         <path>/home/irving/bin/ti/ccsv6/tools/compiler/ti-cgt-msp430_4.4.2/lib/</path>
         <kind>archive</kind>
         <file>rts430x_lc_rd_eabi.lib</file>
         <name>int41.obj</name>
      </input_file>
      <input_file id="fl-46">
         <path>/home/irving/bin/ti/ccsv6/tools/compiler/ti-cgt-msp430_4.4.2/lib/</path>
         <kind>archive</kind>
         <file>rts430x_lc_rd_eabi.lib</file>
         <name>int42.obj</name>
      </input_file>
      <input_file id="fl-47">
         <path>/home/irving/bin/ti/ccsv6/tools/compiler/ti-cgt-msp430_4.4.2/lib/</path>
         <kind>archive</kind>
         <file>rts430x_lc_rd_eabi.lib</file>
         <name>int44.obj</name>
      </input_file>
      <input_file id="fl-48">
         <path>/home/irving/bin/ti/ccsv6/tools/compiler/ti-cgt-msp430_4.4.2/lib/</path>
         <kind>archive</kind>
         <file>rts430x_lc_rd_eabi.lib</file>
         <name>int45.obj</name>
      </input_file>
      <input_file id="fl-49">
         <path>/home/irving/bin/ti/ccsv6/tools/compiler/ti-cgt-msp430_4.4.2/lib/</path>
         <kind>archive</kind>
         <file>rts430x_lc_rd_eabi.lib</file>
         <name>int47.obj</name>
      </input_file>
      <input_file id="fl-4a">
         <path>/home/irving/bin/ti/ccsv6/tools/compiler/ti-cgt-msp430_4.4.2/lib/</path>
         <kind>archive</kind>
         <file>rts430x_lc_rd_eabi.lib</file>
         <name>int48.obj</name>
      </input_file>
      <input_file id="fl-4b">
         <path>/home/irving/bin/ti/ccsv6/tools/compiler/ti-cgt-msp430_4.4.2/lib/</path>
         <kind>archive</kind>
         <file>rts430x_lc_rd_eabi.lib</file>
         <name>int49.obj</name>
      </input_file>
      <input_file id="fl-4c">
         <path>/home/irving/bin/ti/ccsv6/tools/compiler/ti-cgt-msp430_4.4.2/lib/</path>
         <kind>archive</kind>
         <file>rts430x_lc_rd_eabi.lib</file>
         <name>int50.obj</name>
      </input_file>
      <input_file id="fl-4d">
         <path>/home/irving/bin/ti/ccsv6/tools/compiler/ti-cgt-msp430_4.4.2/lib/</path>
         <kind>archive</kind>
         <file>rts430x_lc_rd_eabi.lib</file>
         <name>int51.obj</name>
      </input_file>
      <input_file id="fl-4e">
         <path>/home/irving/bin/ti/ccsv6/tools/compiler/ti-cgt-msp430_4.4.2/lib/</path>
         <kind>archive</kind>
         <file>rts430x_lc_rd_eabi.lib</file>
         <name>int52.obj</name>
      </input_file>
      <input_file id="fl-4f">
         <path>/home/irving/bin/ti/ccsv6/tools/compiler/ti-cgt-msp430_4.4.2/lib/</path>
         <kind>archive</kind>
         <file>rts430x_lc_rd_eabi.lib</file>
         <name>int53.obj</name>
      </input_file>
      <input_file id="fl-50">
         <path>/home/irving/bin/ti/ccsv6/tools/compiler/ti-cgt-msp430_4.4.2/lib/</path>
         <kind>archive</kind>
         <file>rts430x_lc_rd_eabi.lib</file>
         <name>int54.obj</name>
      </input_file>
      <input_file id="fl-51">
         <path>/home/irving/bin/ti/ccsv6/tools/compiler/ti-cgt-msp430_4.4.2/lib/</path>
         <kind>archive</kind>
         <file>rts430x_lc_rd_eabi.lib</file>
         <name>copy_zero_init.obj</name>
      </input_file>
      <input_file id="fl-52">
         <path>/home/irving/bin/ti/ccsv6/tools/compiler/ti-cgt-msp430_4.4.2/lib/</path>
         <kind>archive</kind>
         <file>rts430x_lc_rd_eabi.lib</file>
         <name>fs_add.obj</name>
      </input_file>
      <input_file id="fl-53">
         <path>/home/irving/bin/ti/ccsv6/tools/compiler/ti-cgt-msp430_4.4.2/lib/</path>
         <kind>archive</kind>
         <file>rts430x_lc_rd_eabi.lib</file>
         <name>cvtfd.obj</name>
      </input_file>
      <input_file id="fl-54">
         <path>/home/irving/bin/ti/ccsv6/tools/compiler/ti-cgt-msp430_4.4.2/lib/</path>
         <kind>archive</kind>
         <file>rts430x_lc_rd_eabi.lib</file>
         <name>fs_div.obj</name>
      </input_file>
      <input_file id="fl-55">
         <path>/home/irving/bin/ti/ccsv6/tools/compiler/ti-cgt-msp430_4.4.2/lib/</path>
         <kind>archive</kind>
         <file>rts430x_lc_rd_eabi.lib</file>
         <name>fs_ltof.obj</name>
      </input_file>
      <input_file id="fl-56">
         <path>/home/irving/bin/ti/ccsv6/tools/compiler/ti-cgt-msp430_4.4.2/lib/</path>
         <kind>archive</kind>
         <file>rts430x_lc_rd_eabi.lib</file>
         <name>fs_utof.obj</name>
      </input_file>
      <input_file id="fl-57">
         <path>/home/irving/bin/ti/ccsv6/tools/compiler/ti-cgt-msp430_4.4.2/lib/</path>
         <kind>archive</kind>
         <file>rts430x_lc_rd_eabi.lib</file>
         <name>mult16_f5hw.obj</name>
      </input_file>
      <input_file id="fl-58">
         <path>/home/irving/bin/ti/ccsv6/tools/compiler/ti-cgt-msp430_4.4.2/lib/</path>
         <kind>archive</kind>
         <file>rts430x_lc_rd_eabi.lib</file>
         <name>mult32.obj</name>
      </input_file>
      <input_file id="fl-59">
         <path>/home/irving/bin/ti/ccsv6/tools/compiler/ti-cgt-msp430_4.4.2/lib/</path>
         <kind>archive</kind>
         <file>rts430x_lc_rd_eabi.lib</file>
         <name>mult32_f5hw.obj</name>
      </input_file>
      <input_file id="fl-5a">
         <path>/home/irving/bin/ti/ccsv6/tools/compiler/ti-cgt-msp430_4.4.2/lib/</path>
         <kind>archive</kind>
         <file>rts430x_lc_rd_eabi.lib</file>
         <name>mult64_f5hw.obj</name>
      </input_file>
      <input_file id="fl-5b">
         <path>/home/irving/bin/ti/ccsv6/tools/compiler/ti-cgt-msp430_4.4.2/lib/</path>
         <kind>archive</kind>
         <file>rts430x_lc_rd_eabi.lib</file>
         <name>mult1632_f5hw.obj</name>
      </input_file>
      <input_file id="fl-5c">
         <path>/home/irving/bin/ti/ccsv6/tools/compiler/ti-cgt-msp430_4.4.2/lib/</path>
         <kind>archive</kind>
         <file>rts430x_lc_rd_eabi.lib</file>
         <name>mult3264_f5hw.obj</name>
      </input_file>
      <input_file id="fl-5d">
         <path>/home/irving/bin/ti/ccsv6/tools/compiler/ti-cgt-msp430_4.4.2/lib/</path>
         <kind>archive</kind>
         <file>rts430x_lc_rd_eabi.lib</file>
         <name>asr32.obj</name>
      </input_file>
      <input_file id="fl-5e">
         <path>/home/irving/bin/ti/ccsv6/tools/compiler/ti-cgt-msp430_4.4.2/lib/</path>
         <kind>archive</kind>
         <file>rts430x_lc_rd_eabi.lib</file>
         <name>boot.obj</name>
      </input_file>
      <input_file id="fl-5f">
         <path>/home/irving/bin/ti/ccsv6/tools/compiler/ti-cgt-msp430_4.4.2/lib/</path>
         <kind>archive</kind>
         <file>rts430x_lc_rd_eabi.lib</file>
         <name>args_main.obj</name>
      </input_file>
      <input_file id="fl-60">
         <path>/home/irving/bin/ti/ccsv6/tools/compiler/ti-cgt-msp430_4.4.2/lib/</path>
         <kind>archive</kind>
         <file>rts430x_lc_rd_eabi.lib</file>
         <name>autoinit_wdt.obj</name>
      </input_file>
      <input_file id="fl-61">
         <path>/home/irving/bin/ti/ccsv6/tools/compiler/ti-cgt-msp430_4.4.2/lib/</path>
         <kind>archive</kind>
         <file>rts430x_lc_rd_eabi.lib</file>
         <name>boot_special.obj</name>
      </input_file>
      <input_file id="fl-62">
         <path>/home/irving/bin/ti/ccsv6/tools/compiler/ti-cgt-msp430_4.4.2/lib/</path>
         <kind>archive</kind>
         <file>rts430x_lc_rd_eabi.lib</file>
         <name>mpu_init.obj</name>
      </input_file>
      <input_file id="fl-63">
         <path>/home/irving/bin/ti/ccsv6/tools/compiler/ti-cgt-msp430_4.4.2/lib/</path>
         <kind>archive</kind>
         <file>rts430x_lc_rd_eabi.lib</file>
         <name>pre_init.obj</name>
      </input_file>
      <input_file id="fl-64">
         <path>/home/irving/bin/ti/ccsv6/tools/compiler/ti-cgt-msp430_4.4.2/lib/</path>
         <kind>archive</kind>
         <file>rts430x_lc_rd_eabi.lib</file>
         <name>exit.obj</name>
      </input_file>
      <input_file id="fl-65">
         <path>/home/irving/bin/ti/ccsv6/tools/compiler/ti-cgt-msp430_4.4.2/lib/</path>
         <kind>archive</kind>
         <file>rts430x_lc_rd_eabi.lib</file>
         <name>_lock.obj</name>
      </input_file>
      <input_file id="fl-66">
         <path>/home/irving/bin/ti/ccsv6/tools/compiler/ti-cgt-msp430_4.4.2/lib/</path>
         <kind>archive</kind>
         <file>rts430x_lc_rd_eabi.lib</file>
         <name>memcpy.obj</name>
      </input_file>
      <input_file id="fl-67">
         <path>/home/irving/bin/ti/ccsv6/tools/compiler/ti-cgt-msp430_4.4.2/lib/</path>
         <kind>archive</kind>
         <file>rts430x_lc_rd_eabi.lib</file>
         <name>sprintf.obj</name>
      </input_file>
      <input_file id="fl-68">
         <path>/home/irving/bin/ti/ccsv6/tools/compiler/ti-cgt-msp430_4.4.2/lib/</path>
         <kind>archive</kind>
         <file>rts430x_lc_rd_eabi.lib</file>
         <name>_printfi.obj</name>
      </input_file>
      <input_file id="fl-69">
         <path>/home/irving/bin/ti/ccsv6/tools/compiler/ti-cgt-msp430_4.4.2/lib/</path>
         <kind>archive</kind>
         <file>rts430x_lc_rd_eabi.lib</file>
         <name>xdclass.obj</name>
      </input_file>
      <input_file id="fl-6a">
         <path>/home/irving/bin/ti/ccsv6/tools/compiler/ti-cgt-msp430_4.4.2/lib/</path>
         <kind>archive</kind>
         <file>rts430x_lc_rd_eabi.lib</file>
         <name>cmpd.obj</name>
      </input_file>
      <input_file id="fl-6b">
         <path>/home/irving/bin/ti/ccsv6/tools/compiler/ti-cgt-msp430_4.4.2/lib/</path>
         <kind>archive</kind>
         <file>rts430x_lc_rd_eabi.lib</file>
         <name>divd.obj</name>
      </input_file>
      <input_file id="fl-6c">
         <path>/home/irving/bin/ti/ccsv6/tools/compiler/ti-cgt-msp430_4.4.2/lib/</path>
         <kind>archive</kind>
         <file>rts430x_lc_rd_eabi.lib</file>
         <name>frcdivd.obj</name>
      </input_file>
      <input_file id="fl-6d">
         <path>/home/irving/bin/ti/ccsv6/tools/compiler/ti-cgt-msp430_4.4.2/lib/</path>
         <kind>archive</kind>
         <file>rts430x_lc_rd_eabi.lib</file>
         <name>div16u.obj</name>
      </input_file>
      <input_file id="fl-6e">
         <path>/home/irving/bin/ti/ccsv6/tools/compiler/ti-cgt-msp430_4.4.2/lib/</path>
         <kind>archive</kind>
         <file>rts430x_lc_rd_eabi.lib</file>
         <name>div32u.obj</name>
      </input_file>
      <input_file id="fl-6f">
         <path>/home/irving/bin/ti/ccsv6/tools/compiler/ti-cgt-msp430_4.4.2/lib/</path>
         <kind>archive</kind>
         <file>rts430x_lc_rd_eabi.lib</file>
         <name>llmath.obj</name>
      </input_file>
      <input_file id="fl-70">
         <path>/home/irving/bin/ti/ccsv6/tools/compiler/ti-cgt-msp430_4.4.2/lib/</path>
         <kind>archive</kind>
         <file>rts430x_lc_rd_eabi.lib</file>
         <name>fixdi.obj</name>
      </input_file>
      <input_file id="fl-71">
         <path>/home/irving/bin/ti/ccsv6/tools/compiler/ti-cgt-msp430_4.4.2/lib/</path>
         <kind>archive</kind>
         <file>rts430x_lc_rd_eabi.lib</file>
         <name>fixdli.obj</name>
      </input_file>
      <input_file id="fl-72">
         <path>/home/irving/bin/ti/ccsv6/tools/compiler/ti-cgt-msp430_4.4.2/lib/</path>
         <kind>archive</kind>
         <file>rts430x_lc_rd_eabi.lib</file>
         <name>fltid.obj</name>
      </input_file>
      <input_file id="fl-73">
         <path>/home/irving/bin/ti/ccsv6/tools/compiler/ti-cgt-msp430_4.4.2/lib/</path>
         <kind>archive</kind>
         <file>rts430x_lc_rd_eabi.lib</file>
         <name>fltlid.obj</name>
      </input_file>
      <input_file id="fl-74">
         <path>/home/irving/bin/ti/ccsv6/tools/compiler/ti-cgt-msp430_4.4.2/lib/</path>
         <kind>archive</kind>
         <file>rts430x_lc_rd_eabi.lib</file>
         <name>mpyd.obj</name>
      </input_file>
      <input_file id="fl-75">
         <path>/home/irving/bin/ti/ccsv6/tools/compiler/ti-cgt-msp430_4.4.2/lib/</path>
         <kind>archive</kind>
         <file>rts430x_lc_rd_eabi.lib</file>
         <name>frcmpyd.obj</name>
      </input_file>
      <input_file id="fl-76">
         <path>/home/irving/bin/ti/ccsv6/tools/compiler/ti-cgt-msp430_4.4.2/lib/</path>
         <kind>archive</kind>
         <file>rts430x_lc_rd_eabi.lib</file>
         <name>mult16.obj</name>
      </input_file>
      <input_file id="fl-77">
         <path>/home/irving/bin/ti/ccsv6/tools/compiler/ti-cgt-msp430_4.4.2/lib/</path>
         <kind>archive</kind>
         <file>rts430x_lc_rd_eabi.lib</file>
         <name>mult64.obj</name>
      </input_file>
      <input_file id="fl-78">
         <path>/home/irving/bin/ti/ccsv6/tools/compiler/ti-cgt-msp430_4.4.2/lib/</path>
         <kind>archive</kind>
         <file>rts430x_lc_rd_eabi.lib</file>
         <name>mult1632.obj</name>
      </input_file>
      <input_file id="fl-79">
         <path>/home/irving/bin/ti/ccsv6/tools/compiler/ti-cgt-msp430_4.4.2/lib/</path>
         <kind>archive</kind>
         <file>rts430x_lc_rd_eabi.lib</file>
         <name>negd.obj</name>
      </input_file>
      <input_file id="fl-7a">
         <path>/home/irving/bin/ti/ccsv6/tools/compiler/ti-cgt-msp430_4.4.2/lib/</path>
         <kind>archive</kind>
         <file>rts430x_lc_rd_eabi.lib</file>
         <name>lsl32.obj</name>
      </input_file>
      <input_file id="fl-7b">
         <path>/home/irving/bin/ti/ccsv6/tools/compiler/ti-cgt-msp430_4.4.2/lib/</path>
         <kind>archive</kind>
         <file>rts430x_lc_rd_eabi.lib</file>
         <name>lsr32.obj</name>
      </input_file>
      <input_file id="fl-7c">
         <path>/home/irving/bin/ti/ccsv6/tools/compiler/ti-cgt-msp430_4.4.2/lib/</path>
         <kind>archive</kind>
         <file>rts430x_lc_rd_eabi.lib</file>
         <name>subd.obj</name>
      </input_file>
      <input_file id="fl-7d">
         <path>/home/irving/bin/ti/ccsv6/tools/compiler/ti-cgt-msp430_4.4.2/lib/</path>
         <kind>archive</kind>
         <file>rts430x_lc_rd_eabi.lib</file>
         <name>addd.obj</name>
      </input_file>
      <input_file id="fl-7e">
         <path>/home/irving/bin/ti/ccsv6/tools/compiler/ti-cgt-msp430_4.4.2/lib/</path>
         <kind>archive</kind>
         <file>rts430x_lc_rd_eabi.lib</file>
         <name>frcaddd.obj</name>
      </input_file>
      <input_file id="fl-7f">
         <path>/home/irving/bin/ti/ccsv6/tools/compiler/ti-cgt-msp430_4.4.2/lib/</path>
         <kind>archive</kind>
         <file>rts430x_lc_rd_eabi.lib</file>
         <name>renormd.obj</name>
      </input_file>
      <input_file id="fl-80">
         <path>/home/irving/bin/ti/ccsv6/tools/compiler/ti-cgt-msp430_4.4.2/lib/</path>
         <kind>archive</kind>
         <file>rts430x_lc_rd_eabi.lib</file>
         <name>atoi.obj</name>
      </input_file>
      <input_file id="fl-81">
         <path>/home/irving/bin/ti/ccsv6/tools/compiler/ti-cgt-msp430_4.4.2/lib/</path>
         <kind>archive</kind>
         <file>rts430x_lc_rd_eabi.lib</file>
         <name>ctype.obj</name>
      </input_file>
      <input_file id="fl-82">
         <path>/home/irving/bin/ti/ccsv6/tools/compiler/ti-cgt-msp430_4.4.2/lib/</path>
         <kind>archive</kind>
         <file>rts430x_lc_rd_eabi.lib</file>
         <name>frexp.obj</name>
      </input_file>
      <input_file id="fl-83">
         <path>/home/irving/bin/ti/ccsv6/tools/compiler/ti-cgt-msp430_4.4.2/lib/</path>
         <kind>archive</kind>
         <file>rts430x_lc_rd_eabi.lib</file>
         <name>xdunscal.obj</name>
      </input_file>
      <input_file id="fl-84">
         <path>/home/irving/bin/ti/ccsv6/tools/compiler/ti-cgt-msp430_4.4.2/lib/</path>
         <kind>archive</kind>
         <file>rts430x_lc_rd_eabi.lib</file>
         <name>xdnorm.obj</name>
      </input_file>
      <input_file id="fl-85">
         <path>/home/irving/bin/ti/ccsv6/tools/compiler/ti-cgt-msp430_4.4.2/lib/</path>
         <kind>archive</kind>
         <file>rts430x_lc_rd_eabi.lib</file>
         <name>ldexp.obj</name>
      </input_file>
      <input_file id="fl-86">
         <path>/home/irving/bin/ti/ccsv6/tools/compiler/ti-cgt-msp430_4.4.2/lib/</path>
         <kind>archive</kind>
         <file>rts430x_lc_rd_eabi.lib</file>
         <name>xdscale.obj</name>
      </input_file>
      <input_file id="fl-87">
         <path>/home/irving/bin/ti/ccsv6/tools/compiler/ti-cgt-msp430_4.4.2/lib/</path>
         <kind>archive</kind>
         <file>rts430x_lc_rd_eabi.lib</file>
         <name>xferaise.obj</name>
      </input_file>
      <input_file id="fl-88">
         <path>/home/irving/bin/ti/ccsv6/tools/compiler/ti-cgt-msp430_4.4.2/lib/</path>
         <kind>archive</kind>
         <file>rts430x_lc_rd_eabi.lib</file>
         <name>errno.obj</name>
      </input_file>
      <input_file id="fl-89">
         <path>/home/irving/bin/ti/ccsv6/tools/compiler/ti-cgt-msp430_4.4.2/lib/</path>
         <kind>archive</kind>
         <file>rts430x_lc_rd_eabi.lib</file>
         <name>xvalues.obj</name>
      </input_file>
      <input_file id="fl-8a">
         <path>/home/irving/bin/ti/ccsv6/tools/compiler/ti-cgt-msp430_4.4.2/lib/</path>
         <kind>archive</kind>
         <file>rts430x_lc_rd_eabi.lib</file>
         <name>lsl16.obj</name>
      </input_file>
      <input_file id="fl-8b">
         <path>/home/irving/bin/ti/ccsv6/tools/compiler/ti-cgt-msp430_4.4.2/lib/</path>
         <kind>archive</kind>
         <file>rts430x_lc_rd_eabi.lib</file>
         <name>lsr16.obj</name>
      </input_file>
      <input_file id="fl-8c">
         <path>/home/irving/bin/ti/ccsv6/tools/compiler/ti-cgt-msp430_4.4.2/lib/</path>
         <kind>archive</kind>
         <file>rts430x_lc_rd_eabi.lib</file>
         <name>feraiseexcept.obj</name>
      </input_file>
      <input_file id="fl-8d">
         <path>/home/irving/bin/ti/ccsv6/tools/compiler/ti-cgt-msp430_4.4.2/lib/</path>
         <kind>archive</kind>
         <file>rts430x_lc_rd_eabi.lib</file>
         <name>llabs.obj</name>
      </input_file>
      <input_file id="fl-8e">
         <path>/home/irving/bin/ti/ccsv6/tools/compiler/ti-cgt-msp430_4.4.2/lib/</path>
         <kind>archive</kind>
         <file>rts430x_lc_rd_eabi.lib</file>
         <name>ltoa.obj</name>
      </input_file>
      <input_file id="fl-8f">
         <path>/home/irving/bin/ti/ccsv6/tools/compiler/ti-cgt-msp430_4.4.2/lib/</path>
         <kind>archive</kind>
         <file>rts430x_lc_rd_eabi.lib</file>
         <name>div32s.obj</name>
      </input_file>
      <input_file id="fl-90">
         <path>/home/irving/bin/ti/ccsv6/tools/compiler/ti-cgt-msp430_4.4.2/lib/</path>
         <kind>archive</kind>
         <file>rts430x_lc_rd_eabi.lib</file>
         <name>abs.obj</name>
      </input_file>
      <input_file id="fl-91">
         <path>/home/irving/bin/ti/ccsv6/tools/compiler/ti-cgt-msp430_4.4.2/lib/</path>
         <kind>archive</kind>
         <file>rts430x_lc_rd_eabi.lib</file>
         <name>memccpy.obj</name>
      </input_file>
      <input_file id="fl-92">
         <path>/home/irving/bin/ti/ccsv6/tools/compiler/ti-cgt-msp430_4.4.2/lib/</path>
         <kind>archive</kind>
         <file>rts430x_lc_rd_eabi.lib</file>
         <name>memset.obj</name>
      </input_file>
      <input_file id="fl-93">
         <path>/home/irving/bin/ti/ccsv6/tools/compiler/ti-cgt-msp430_4.4.2/lib/</path>
         <kind>archive</kind>
         <file>rts430x_lc_rd_eabi.lib</file>
         <name>raise.obj</name>
      </input_file>
      <input_file id="fl-94">
         <path>/home/irving/bin/ti/ccsv6/tools/compiler/ti-cgt-msp430_4.4.2/lib/</path>
         <kind>archive</kind>
         <file>rts430x_lc_rd_eabi.lib</file>
         <name>signal.obj</name>
      </input_file>
      <input_file id="fl-95">
         <path>/home/irving/bin/ti/ccsv6/tools/compiler/ti-cgt-msp430_4.4.2/lib/</path>
         <kind>archive</kind>
         <file>rts430x_lc_rd_eabi.lib</file>
         <name>strchr.obj</name>
      </input_file>
      <input_file id="fl-96">
         <path>/home/irving/bin/ti/ccsv6/tools/compiler/ti-cgt-msp430_4.4.2/lib/</path>
         <kind>archive</kind>
         <file>rts430x_lc_rd_eabi.lib</file>
         <name>strlen.obj</name>
      </input_file>
      <input_file id="fl-97">
         <path>/home/irving/bin/ti/ccsv6/tools/compiler/ti-cgt-msp430_4.4.2/lib/</path>
         <kind>archive</kind>
         <file>rts430x_lc_rd_eabi.lib</file>
         <name>toupper.obj</name>
      </input_file>
   </input_file_list>
   <object_component_list>
      <object_component id="oc-4db">
         <name>.cinit..data.load</name>
         <load_address>0x4578</load_address>
         <run_address>0x4578</run_address>
         <size>0x42</size>
      </object_component>
      <object_component id="oc-4d8">
         <name>__TI_handler_table</name>
         <load_address>0x45ba</load_address>
         <run_address>0x45ba</run_address>
         <size>0xc</size>
      </object_component>
      <object_component id="oc-4da">
         <name>.cinit..bss.load</name>
         <load_address>0x45c6</load_address>
         <run_address>0x45c6</run_address>
         <size>0x6</size>
      </object_component>
      <object_component id="oc-4d9">
         <name>__TI_cinit_table</name>
         <load_address>0x45cc</load_address>
         <run_address>0x45cc</run_address>
         <size>0x10</size>
      </object_component>
      <object_component id="oc-263">
         <name>.const:.string:_ctypes_</name>
         <load_address>0x444a</load_address>
         <run_address>0x444a</run_address>
         <size>0x101</size>
         <input_file_ref idref="fl-81"/>
      </object_component>
      <object_component id="oc-242">
         <name>.const:.string</name>
         <load_address>0x454c</load_address>
         <run_address>0x454c</run_address>
         <size>0x26</size>
         <input_file_ref idref="fl-68"/>
      </object_component>
      <object_component id="oc-19b">
         <name>.const:.string</name>
         <load_address>0x4572</load_address>
         <run_address>0x4572</run_address>
         <size>0x6</size>
         <input_file_ref idref="fl-2"/>
      </object_component>
      <object_component id="oc-b4">
         <name>.text:_isr:_c_int00_noargs_noexit</name>
         <load_address>0x4400</load_address>
         <run_address>0x4400</run_address>
         <size>0x1a</size>
         <input_file_ref idref="fl-61"/>
      </object_component>
      <object_component id="oc-101">
         <name>.text:_isr:ADC12ISR</name>
         <load_address>0x441a</load_address>
         <run_address>0x441a</run_address>
         <size>0x16</size>
         <input_file_ref idref="fl-2"/>
      </object_component>
      <object_component id="oc-fb">
         <name>.text:_isr:USCI_A1_ISR</name>
         <load_address>0x4430</load_address>
         <run_address>0x4430</run_address>
         <size>0x14</size>
         <input_file_ref idref="fl-2"/>
      </object_component>
      <object_component id="oc-f6">
         <name>.text:_isr:__TI_ISR_TRAP</name>
         <load_address>0x4444</load_address>
         <run_address>0x4444</run_address>
         <size>0x6</size>
         <input_file_ref idref="fl-3a"/>
      </object_component>
      <object_component id="oc-34f">
         <name>.text:__TI_frcdivd</name>
         <load_address>0x10000</load_address>
         <run_address>0x10000</run_address>
         <size>0x452</size>
         <input_file_ref idref="fl-6c"/>
      </object_component>
      <object_component id="oc-319">
         <name>.text:__mspabi_divull</name>
         <load_address>0x10452</load_address>
         <run_address>0x10452</run_address>
         <size>0x39a</size>
         <input_file_ref idref="fl-6f"/>
      </object_component>
      <object_component id="oc-347">
         <name>.text:__TI_frcmpyd</name>
         <load_address>0x107ec</load_address>
         <run_address>0x107ec</run_address>
         <size>0x2e4</size>
         <input_file_ref idref="fl-75"/>
      </object_component>
      <object_component id="oc-3a3">
         <name>.text:__mspabi_addd</name>
         <load_address>0x10ad0</load_address>
         <run_address>0x10ad0</run_address>
         <size>0x2d8</size>
         <input_file_ref idref="fl-7d"/>
      </object_component>
      <object_component id="oc-2e4">
         <name>.text:__mspabi_mpyd</name>
         <load_address>0x10da8</load_address>
         <run_address>0x10da8</run_address>
         <size>0x282</size>
         <input_file_ref idref="fl-74"/>
      </object_component>
      <object_component id="oc-213">
         <name>.text:_setfield</name>
         <load_address>0x1102a</load_address>
         <run_address>0x1102a</run_address>
         <size>0x262</size>
         <input_file_ref idref="fl-68"/>
      </object_component>
      <object_component id="oc-3e6">
         <name>.text:__TI_frcaddd</name>
         <load_address>0x1128c</load_address>
         <run_address>0x1128c</run_address>
         <size>0x252</size>
         <input_file_ref idref="fl-7e"/>
      </object_component>
      <object_component id="oc-2ea">
         <name>.text:__mspabi_divd</name>
         <load_address>0x114de</load_address>
         <run_address>0x114de</run_address>
         <size>0x222</size>
         <input_file_ref idref="fl-6b"/>
      </object_component>
      <object_component id="oc-249">
         <name>.text:_pproc_fgea</name>
         <load_address>0x11700</load_address>
         <run_address>0x11700</run_address>
         <size>0x218</size>
         <input_file_ref idref="fl-68"/>
      </object_component>
      <object_component id="oc-2c4">
         <name>.text:ecvt</name>
         <load_address>0x11918</load_address>
         <run_address>0x11918</run_address>
         <size>0x218</size>
         <input_file_ref idref="fl-68"/>
      </object_component>
      <object_component id="oc-2f7">
         <name>.text:acvt</name>
         <load_address>0x11b30</load_address>
         <run_address>0x11b30</run_address>
         <size>0x212</size>
         <input_file_ref idref="fl-68"/>
      </object_component>
      <object_component id="oc-1f3">
         <name>.text:__TI_printfi</name>
         <load_address>0x11d42</load_address>
         <run_address>0x11d42</run_address>
         <size>0x202</size>
         <input_file_ref idref="fl-68"/>
      </object_component>
      <object_component id="oc-2d7">
         <name>.text:fcvt</name>
         <load_address>0x11f44</load_address>
         <run_address>0x11f44</run_address>
         <size>0x202</size>
         <input_file_ref idref="fl-68"/>
      </object_component>
      <object_component id="oc-295">
         <name>.text:_pconv_e</name>
         <load_address>0x12146</load_address>
         <run_address>0x12146</run_address>
         <size>0x1a4</size>
         <input_file_ref idref="fl-68"/>
      </object_component>
      <object_component id="oc-3c1">
         <name>.text:_Dscale</name>
         <load_address>0x122ea</load_address>
         <run_address>0x122ea</run_address>
         <size>0x19e</size>
         <input_file_ref idref="fl-86"/>
      </object_component>
      <object_component id="oc-26a">
         <name>.text:_getarg_diouxp</name>
         <load_address>0x12488</load_address>
         <run_address>0x12488</run_address>
         <size>0x188</size>
         <input_file_ref idref="fl-68"/>
      </object_component>
      <object_component id="oc-29b">
         <name>.text:_pconv_a</name>
         <load_address>0x12610</load_address>
         <run_address>0x12610</run_address>
         <size>0x16e</size>
         <input_file_ref idref="fl-68"/>
      </object_component>
      <object_component id="oc-12e">
         <name>.text:main</name>
         <load_address>0x1277e</load_address>
         <run_address>0x1277e</run_address>
         <size>0x168</size>
         <input_file_ref idref="fl-2"/>
      </object_component>
      <object_component id="oc-243">
         <name>.text:_pproc_diouxp</name>
         <load_address>0x128e6</load_address>
         <run_address>0x128e6</run_address>
         <size>0x148</size>
         <input_file_ref idref="fl-68"/>
      </object_component>
      <object_component id="oc-190">
         <name>.text</name>
         <load_address>0x12a2e</load_address>
         <run_address>0x12a2e</run_address>
         <size>0x130</size>
         <input_file_ref idref="fl-52"/>
      </object_component>
      <object_component id="oc-3b7">
         <name>.text:_Dnorm</name>
         <load_address>0x12b5e</load_address>
         <run_address>0x12b5e</run_address>
         <size>0x100</size>
         <input_file_ref idref="fl-84"/>
      </object_component>
      <object_component id="oc-289">
         <name>.text:_pconv_g</name>
         <load_address>0x12c5e</load_address>
         <run_address>0x12c5e</run_address>
         <size>0xfc</size>
         <input_file_ref idref="fl-68"/>
      </object_component>
      <object_component id="oc-20d">
         <name>.text:_pproc_fwp</name>
         <load_address>0x12d5a</load_address>
         <run_address>0x12d5a</run_address>
         <size>0xfa</size>
         <input_file_ref idref="fl-68"/>
      </object_component>
      <object_component id="oc-2a1">
         <name>.text:__mspabi_cmpd</name>
         <load_address>0x12e54</load_address>
         <run_address>0x12e54</run_address>
         <size>0xd8</size>
         <input_file_ref idref="fl-6a"/>
      </object_component>
      <object_component id="oc-427">
         <name>.text:__TI_renormd</name>
         <load_address>0x12f2c</load_address>
         <run_address>0x12f2c</run_address>
         <size>0xb2</size>
         <input_file_ref idref="fl-7f"/>
      </object_component>
      <object_component id="oc-219">
         <name>.text:_pproc_str</name>
         <load_address>0x12fde</load_address>
         <run_address>0x12fde</run_address>
         <size>0xa8</size>
         <input_file_ref idref="fl-68"/>
      </object_component>
      <object_component id="oc-270">
         <name>.text:_ltostr</name>
         <load_address>0x13086</load_address>
         <run_address>0x13086</run_address>
         <size>0x9e</size>
         <input_file_ref idref="fl-68"/>
      </object_component>
      <object_component id="oc-32a">
         <name>.text:__mspabi_fltlid</name>
         <load_address>0x13124</load_address>
         <run_address>0x13124</run_address>
         <size>0x94</size>
         <input_file_ref idref="fl-73"/>
      </object_component>
      <object_component id="oc-2ca">
         <name>.text:_ecpy</name>
         <load_address>0x131b8</load_address>
         <run_address>0x131b8</run_address>
         <size>0x94</size>
         <input_file_ref idref="fl-68"/>
      </object_component>
      <object_component id="oc-2d0">
         <name>.text:_mcpy</name>
         <load_address>0x1324c</load_address>
         <run_address>0x1324c</run_address>
         <size>0x90</size>
         <input_file_ref idref="fl-68"/>
      </object_component>
      <object_component id="oc-18b">
         <name>.text</name>
         <load_address>0x132dc</load_address>
         <run_address>0x132dc</run_address>
         <size>0x8e</size>
         <input_file_ref idref="fl-54"/>
      </object_component>
      <object_component id="oc-2b8">
         <name>.text:_div</name>
         <load_address>0x1336a</load_address>
         <run_address>0x1336a</run_address>
         <size>0x88</size>
         <input_file_ref idref="fl-68"/>
      </object_component>
      <object_component id="oc-35f">
         <name>.text:ldexp</name>
         <load_address>0x133f2</load_address>
         <run_address>0x133f2</run_address>
         <size>0x86</size>
         <input_file_ref idref="fl-85"/>
      </object_component>
      <object_component id="oc-324">
         <name>.text:ltoa</name>
         <load_address>0x13478</load_address>
         <run_address>0x13478</run_address>
         <size>0x80</size>
         <input_file_ref idref="fl-8e"/>
      </object_component>
      <object_component id="oc-28f">
         <name>.text:_pconv_f</name>
         <load_address>0x134f8</load_address>
         <run_address>0x134f8</run_address>
         <size>0x78</size>
         <input_file_ref idref="fl-68"/>
      </object_component>
      <object_component id="oc-357">
         <name>.text:_Dunscale</name>
         <load_address>0x13570</load_address>
         <run_address>0x13570</run_address>
         <size>0x72</size>
         <input_file_ref idref="fl-83"/>
      </object_component>
      <object_component id="oc-e9">
         <name>.text:__TI_decompress_rle_core</name>
         <load_address>0x135e2</load_address>
         <run_address>0x135e2</run_address>
         <size>0x68</size>
         <input_file_ref idref="fl-38"/>
      </object_component>
      <object_component id="oc-33c">
         <name>.text:__mspabi_fixdli</name>
         <load_address>0x1364a</load_address>
         <run_address>0x1364a</run_address>
         <size>0x66</size>
         <input_file_ref idref="fl-71"/>
      </object_component>
      <object_component id="oc-195">
         <name>.text:__mspabi_cvtfd</name>
         <load_address>0x136b0</load_address>
         <run_address>0x136b0</run_address>
         <size>0x64</size>
         <input_file_ref idref="fl-53"/>
      </object_component>
      <object_component id="oc-114">
         <name>.text:_auto_init_hold_wdt</name>
         <load_address>0x13714</load_address>
         <run_address>0x13714</run_address>
         <size>0x64</size>
         <input_file_ref idref="fl-60"/>
      </object_component>
      <object_component id="oc-235">
         <name>.text:atoi</name>
         <load_address>0x13778</load_address>
         <run_address>0x13778</run_address>
         <size>0x62</size>
         <input_file_ref idref="fl-80"/>
      </object_component>
      <object_component id="oc-314">
         <name>.text</name>
         <load_address>0x137da</load_address>
         <run_address>0x137da</run_address>
         <size>0x58</size>
         <input_file_ref idref="fl-6e"/>
      </object_component>
      <object_component id="oc-27d">
         <name>.text:_Dclass</name>
         <load_address>0x13832</load_address>
         <run_address>0x13832</run_address>
         <size>0x50</size>
         <input_file_ref idref="fl-69"/>
      </object_component>
      <object_component id="oc-2dd">
         <name>.text:_fcpy</name>
         <load_address>0x13882</load_address>
         <run_address>0x13882</run_address>
         <size>0x4e</size>
         <input_file_ref idref="fl-68"/>
      </object_component>
      <object_component id="oc-181">
         <name>.text</name>
         <load_address>0x138d0</load_address>
         <run_address>0x138d0</run_address>
         <size>0x4a</size>
         <input_file_ref idref="fl-55"/>
      </object_component>
      <object_component id="oc-207">
         <name>.text:_pproc_fflags</name>
         <load_address>0x1391a</load_address>
         <run_address>0x1391a</run_address>
         <size>0x46</size>
         <input_file_ref idref="fl-68"/>
      </object_component>
      <object_component id="oc-19d">
         <name>.text:sprintf</name>
         <load_address>0x13960</load_address>
         <run_address>0x13960</run_address>
         <size>0x44</size>
         <input_file_ref idref="fl-67"/>
      </object_component>
      <object_component id="oc-2f1">
         <name>.text:frexp</name>
         <load_address>0x139a4</load_address>
         <run_address>0x139a4</run_address>
         <size>0x42</size>
         <input_file_ref idref="fl-82"/>
      </object_component>
      <object_component id="oc-38a">
         <name>.text</name>
         <load_address>0x139e6</load_address>
         <run_address>0x139e6</run_address>
         <size>0x40</size>
         <input_file_ref idref="fl-8f"/>
      </object_component>
      <object_component id="oc-36b">
         <name>.text:incr_hex</name>
         <load_address>0x13a26</load_address>
         <run_address>0x13a26</run_address>
         <size>0x3e</size>
         <input_file_ref idref="fl-68"/>
      </object_component>
      <object_component id="oc-1db">
         <name>.text:l_asr_const</name>
         <load_address>0x13a64</load_address>
         <run_address>0x13a64</run_address>
         <size>0x3e</size>
         <input_file_ref idref="fl-5d"/>
      </object_component>
      <object_component id="oc-397">
         <name>.text:l_lsl_const</name>
         <load_address>0x13aa2</load_address>
         <run_address>0x13aa2</run_address>
         <size>0x3e</size>
         <input_file_ref idref="fl-7a"/>
      </object_component>
      <object_component id="oc-39c">
         <name>.text:l_lsr_const</name>
         <load_address>0x13ae0</load_address>
         <run_address>0x13ae0</run_address>
         <size>0x3e</size>
         <input_file_ref idref="fl-7b"/>
      </object_component>
      <object_component id="oc-382">
         <name>.text:__mspabi_sllll</name>
         <load_address>0x13b1e</load_address>
         <run_address>0x13b1e</run_address>
         <size>0x3a</size>
         <input_file_ref idref="fl-6f"/>
      </object_component>
      <object_component id="oc-309">
         <name>.text:__mspabi_srlll</name>
         <load_address>0x13b58</load_address>
         <run_address>0x13b58</run_address>
         <size>0x3a</size>
         <input_file_ref idref="fl-6f"/>
      </object_component>
      <object_component id="oc-45a">
         <name>.text:signal</name>
         <load_address>0x13b92</load_address>
         <run_address>0x13b92</run_address>
         <size>0x38</size>
         <input_file_ref idref="fl-94"/>
      </object_component>
      <object_component id="oc-3c7">
         <name>.text:_Feraise</name>
         <load_address>0x13bca</load_address>
         <run_address>0x13bca</run_address>
         <size>0x36</size>
         <input_file_ref idref="fl-87"/>
      </object_component>
      <object_component id="oc-40b">
         <name>.text:feraiseexcept</name>
         <load_address>0x13c00</load_address>
         <run_address>0x13c00</run_address>
         <size>0x34</size>
         <input_file_ref idref="fl-8c"/>
      </object_component>
      <object_component id="oc-330">
         <name>.text:__mspabi_subd</name>
         <load_address>0x13c34</load_address>
         <run_address>0x13c34</run_address>
         <size>0x32</size>
         <input_file_ref idref="fl-7c"/>
      </object_component>
      <object_component id="oc-441">
         <name>.text:raise</name>
         <load_address>0x13c66</load_address>
         <run_address>0x13c66</run_address>
         <size>0x32</size>
         <input_file_ref idref="fl-93"/>
      </object_component>
      <object_component id="oc-283">
         <name>.text:__mspabi_negd</name>
         <load_address>0x13c98</load_address>
         <run_address>0x13c98</run_address>
         <size>0x2e</size>
         <input_file_ref idref="fl-79"/>
      </object_component>
      <object_component id="oc-336">
         <name>.text:__mspabi_fixdi</name>
         <load_address>0x13cc6</load_address>
         <run_address>0x13cc6</run_address>
         <size>0x28</size>
         <input_file_ref idref="fl-70"/>
      </object_component>
      <object_component id="oc-96">
         <name>.text:decompress:ZI:__TI_zero_init</name>
         <load_address>0x13cee</load_address>
         <run_address>0x13cee</run_address>
         <size>0x24</size>
         <input_file_ref idref="fl-51"/>
      </object_component>
      <object_component id="oc-186">
         <name>.text</name>
         <load_address>0x13d12</load_address>
         <run_address>0x13d12</run_address>
         <size>0x24</size>
         <input_file_ref idref="fl-56"/>
      </object_component>
      <object_component id="oc-17c">
         <name>.text</name>
         <load_address>0x13d36</load_address>
         <run_address>0x13d36</run_address>
         <size>0x22</size>
         <input_file_ref idref="fl-59"/>
      </object_component>
      <object_component id="oc-1e7">
         <name>.text:_outs</name>
         <load_address>0x13d58</load_address>
         <run_address>0x13d58</run_address>
         <size>0x20</size>
         <input_file_ref idref="fl-67"/>
      </object_component>
      <object_component id="oc-365">
         <name>.text:val_hex</name>
         <load_address>0x13d78</load_address>
         <run_address>0x13d78</run_address>
         <size>0x20</size>
         <input_file_ref idref="fl-68"/>
      </object_component>
      <object_component id="oc-24f">
         <name>.text:memccpy</name>
         <load_address>0x13d98</load_address>
         <run_address>0x13d98</run_address>
         <size>0x1e</size>
         <input_file_ref idref="fl-91"/>
      </object_component>
      <object_component id="oc-3cf">
         <name>.text:strchr</name>
         <load_address>0x13db6</load_address>
         <run_address>0x13db6</run_address>
         <size>0x1c</size>
         <input_file_ref idref="fl-95"/>
      </object_component>
      <object_component id="oc-23b">
         <name>.text:memset</name>
         <load_address>0x13dd2</load_address>
         <run_address>0x13dd2</run_address>
         <size>0x16</size>
         <input_file_ref idref="fl-92"/>
      </object_component>
      <object_component id="oc-30f">
         <name>.text</name>
         <load_address>0x13de8</load_address>
         <run_address>0x13de8</run_address>
         <size>0x16</size>
         <input_file_ref idref="fl-6d"/>
      </object_component>
      <object_component id="oc-25e">
         <name>.text</name>
         <load_address>0x13dfe</load_address>
         <run_address>0x13dfe</run_address>
         <size>0x16</size>
         <input_file_ref idref="fl-57"/>
      </object_component>
      <object_component id="oc-1ed">
         <name>.text:_outc</name>
         <load_address>0x13e14</load_address>
         <run_address>0x13e14</run_address>
         <size>0x14</size>
         <input_file_ref idref="fl-67"/>
      </object_component>
      <object_component id="oc-dc">
         <name>.text:memcpy</name>
         <load_address>0x13e28</load_address>
         <run_address>0x13e28</run_address>
         <size>0x14</size>
         <input_file_ref idref="fl-66"/>
      </object_component>
      <object_component id="oc-71">
         <name>.text:decompress:none:__TI_decompress_none</name>
         <load_address>0x13e3c</load_address>
         <run_address>0x13e3c</run_address>
         <size>0x12</size>
         <input_file_ref idref="fl-37"/>
      </object_component>
      <object_component id="oc-277">
         <name>.text:toupper</name>
         <load_address>0x13e4e</load_address>
         <run_address>0x13e4e</run_address>
         <size>0x12</size>
         <input_file_ref idref="fl-97"/>
      </object_component>
      <object_component id="oc-422">
         <name>.text:l_asr</name>
         <load_address>0x13e60</load_address>
         <run_address>0x13e60</run_address>
         <size>0x10</size>
         <input_file_ref idref="fl-5d"/>
      </object_component>
      <object_component id="oc-41d">
         <name>.text:l_lsl</name>
         <load_address>0x13e70</load_address>
         <run_address>0x13e70</run_address>
         <size>0x10</size>
         <input_file_ref idref="fl-7a"/>
      </object_component>
      <object_component id="oc-37d">
         <name>.text:l_lsr</name>
         <load_address>0x13e80</load_address>
         <run_address>0x13e80</run_address>
         <size>0x10</size>
         <input_file_ref idref="fl-7b"/>
      </object_component>
      <object_component id="oc-1a3">
         <name>.text:strlen</name>
         <load_address>0x13e90</load_address>
         <run_address>0x13e90</run_address>
         <size>0xe</size>
         <input_file_ref idref="fl-96"/>
      </object_component>
      <object_component id="oc-371">
         <name>.text:__mspabi_fltid</name>
         <load_address>0x13e9e</load_address>
         <run_address>0x13e9e</run_address>
         <size>0xc</size>
         <input_file_ref idref="fl-72"/>
      </object_component>
      <object_component id="oc-38f">
         <name>.text:abs</name>
         <load_address>0x13eaa</load_address>
         <run_address>0x13eaa</run_address>
         <size>0xa</size>
         <input_file_ref idref="fl-90"/>
      </object_component>
      <object_component id="oc-401">
         <name>.text</name>
         <load_address>0x13eb4</load_address>
         <run_address>0x13eb4</run_address>
         <size>0xa</size>
         <input_file_ref idref="fl-8a"/>
      </object_component>
      <object_component id="oc-3fc">
         <name>.text</name>
         <load_address>0x13ebe</load_address>
         <run_address>0x13ebe</run_address>
         <size>0xa</size>
         <input_file_ref idref="fl-8b"/>
      </object_component>
      <object_component id="oc-77">
         <name>.text:decompress:rle24:__TI_decompress_rle24</name>
         <load_address>0x13ec8</load_address>
         <run_address>0x13ec8</run_address>
         <size>0x6</size>
         <input_file_ref idref="fl-38"/>
      </object_component>
      <object_component id="oc-10e">
         <name>.text:_system_pre_init</name>
         <load_address>0x13ece</load_address>
         <run_address>0x13ece</run_address>
         <size>0x4</size>
         <input_file_ref idref="fl-63"/>
      </object_component>
      <object_component id="oc-136">
         <name>.text:abort</name>
         <load_address>0x13ed2</load_address>
         <run_address>0x13ed2</run_address>
         <size>0x4</size>
         <input_file_ref idref="fl-64"/>
      </object_component>
      <object_component id="oc-1c4">
         <name>.text:_nop</name>
         <load_address>0x13ed6</load_address>
         <run_address>0x13ed6</run_address>
         <size>0x2</size>
         <input_file_ref idref="fl-65"/>
      </object_component>
      <object_component id="oc-15c">
         <name>.common:temp</name>
         <uninitialized>true</uninitialized>
         <run_address>0x1d5a</run_address>
         <size>0x2</size>
      </object_component>
      <object_component id="oc-17b">
         <name>.common:temperatureDegC</name>
         <uninitialized>true</uninitialized>
         <run_address>0x1d56</run_address>
         <size>0x4</size>
      </object_component>
      <object_component id="oc-19c">
         <name>.common:temp_txt</name>
         <uninitialized>true</uninitialized>
         <run_address>0x1d42</run_address>
         <size>0x14</size>
      </object_component>
      <object_component id="oc-1a9">
         <name>.common:txtlen</name>
         <uninitialized>true</uninitialized>
         <run_address>0x1d5d</run_address>
         <size>0x1</size>
      </object_component>
      <object_component id="oc-1aa">
         <name>.common:i</name>
         <uninitialized>true</uninitialized>
         <run_address>0x1d5c</run_address>
         <size>0x1</size>
      </object_component>
      <object_component id="oc-16c">
         <name>.data:_lock</name>
         <load_address>0x1d38</load_address>
         <run_address>0x1d38</run_address>
         <size>0x4</size>
         <input_file_ref idref="fl-65"/>
      </object_component>
      <object_component id="oc-175">
         <name>.data:_unlock</name>
         <load_address>0x1d3c</load_address>
         <run_address>0x1d3c</run_address>
         <size>0x4</size>
         <input_file_ref idref="fl-65"/>
      </object_component>
      <object_component id="oc-411">
         <name>.data</name>
         <load_address>0x1d40</load_address>
         <run_address>0x1d40</run_address>
         <size>0x2</size>
         <input_file_ref idref="fl-88"/>
      </object_component>
      <object_component id="oc-406">
         <name>.data</name>
         <load_address>0x1cb0</load_address>
         <run_address>0x1cb0</run_address>
         <size>0x80</size>
         <input_file_ref idref="fl-89"/>
      </object_component>
      <object_component id="oc-43e">
         <name>.data</name>
         <load_address>0x1d30</load_address>
         <run_address>0x1d30</run_address>
         <size>0x8</size>
         <input_file_ref idref="fl-8c"/>
      </object_component>
      <object_component id="oc-466">
         <name>.data:sigtable</name>
         <load_address>0x1c00</load_address>
         <run_address>0x1c00</run_address>
         <size>0xb0</size>
         <input_file_ref idref="fl-94"/>
      </object_component>
      <object_component id="oc-d8">
         <name>.stack</name>
         <uninitialized>true</uninitialized>
         <run_address>0x2018</run_address>
         <size>0x4</size>
         <input_file_ref idref="fl-5e"/>
      </object_component>
      <object_component id="oc-4dc">
         <name>.stack</name>
         <uninitialized>true</uninitialized>
         <run_address>0x2018</run_address>
         <size>0x0</size>
      </object_component>
      <object_component id="oc-7d">
         <name>.int30</name>
         <load_address>0xffcc</load_address>
         <run_address>0xffcc</run_address>
         <size>0x2</size>
         <input_file_ref idref="fl-39"/>
      </object_component>
      <object_component id="oc-7e">
         <name>.int31</name>
         <load_address>0xffce</load_address>
         <run_address>0xffce</run_address>
         <size>0x2</size>
         <input_file_ref idref="fl-3b"/>
      </object_component>
      <object_component id="oc-7f">
         <name>.int32</name>
         <load_address>0xffd0</load_address>
         <run_address>0xffd0</run_address>
         <size>0x2</size>
         <input_file_ref idref="fl-3c"/>
      </object_component>
      <object_component id="oc-80">
         <name>.int33</name>
         <load_address>0xffd2</load_address>
         <run_address>0xffd2</run_address>
         <size>0x2</size>
         <input_file_ref idref="fl-3d"/>
      </object_component>
      <object_component id="oc-81">
         <name>.int34</name>
         <load_address>0xffd4</load_address>
         <run_address>0xffd4</run_address>
         <size>0x2</size>
         <input_file_ref idref="fl-3e"/>
      </object_component>
      <object_component id="oc-82">
         <name>.int35</name>
         <load_address>0xffd6</load_address>
         <run_address>0xffd6</run_address>
         <size>0x2</size>
         <input_file_ref idref="fl-3f"/>
      </object_component>
      <object_component id="oc-83">
         <name>.int36</name>
         <load_address>0xffd8</load_address>
         <run_address>0xffd8</run_address>
         <size>0x2</size>
         <input_file_ref idref="fl-40"/>
      </object_component>
      <object_component id="oc-84">
         <name>.int37</name>
         <load_address>0xffda</load_address>
         <run_address>0xffda</run_address>
         <size>0x2</size>
         <input_file_ref idref="fl-41"/>
      </object_component>
      <object_component id="oc-85">
         <name>.int38</name>
         <load_address>0xffdc</load_address>
         <run_address>0xffdc</run_address>
         <size>0x2</size>
         <input_file_ref idref="fl-42"/>
      </object_component>
      <object_component id="oc-86">
         <name>.int39</name>
         <load_address>0xffde</load_address>
         <run_address>0xffde</run_address>
         <size>0x2</size>
         <input_file_ref idref="fl-43"/>
      </object_component>
      <object_component id="oc-87">
         <name>.int40</name>
         <load_address>0xffe0</load_address>
         <run_address>0xffe0</run_address>
         <size>0x2</size>
         <input_file_ref idref="fl-44"/>
      </object_component>
      <object_component id="oc-88">
         <name>.int41</name>
         <load_address>0xffe2</load_address>
         <run_address>0xffe2</run_address>
         <size>0x2</size>
         <input_file_ref idref="fl-45"/>
      </object_component>
      <object_component id="oc-89">
         <name>.int42</name>
         <load_address>0xffe4</load_address>
         <run_address>0xffe4</run_address>
         <size>0x2</size>
         <input_file_ref idref="fl-46"/>
      </object_component>
      <object_component id="oc-8a">
         <name>.int43</name>
         <load_address>0xffe6</load_address>
         <run_address>0xffe6</run_address>
         <size>0x2</size>
         <input_file_ref idref="fl-2"/>
      </object_component>
      <object_component id="oc-8b">
         <name>.int44</name>
         <load_address>0xffe8</load_address>
         <run_address>0xffe8</run_address>
         <size>0x2</size>
         <input_file_ref idref="fl-47"/>
      </object_component>
      <object_component id="oc-8c">
         <name>.int45</name>
         <load_address>0xffea</load_address>
         <run_address>0xffea</run_address>
         <size>0x2</size>
         <input_file_ref idref="fl-48"/>
      </object_component>
      <object_component id="oc-8d">
         <name>.int46</name>
         <load_address>0xffec</load_address>
         <run_address>0xffec</run_address>
         <size>0x2</size>
         <input_file_ref idref="fl-2"/>
      </object_component>
      <object_component id="oc-8e">
         <name>.int47</name>
         <load_address>0xffee</load_address>
         <run_address>0xffee</run_address>
         <size>0x2</size>
         <input_file_ref idref="fl-49"/>
      </object_component>
      <object_component id="oc-8f">
         <name>.int48</name>
         <load_address>0xfff0</load_address>
         <run_address>0xfff0</run_address>
         <size>0x2</size>
         <input_file_ref idref="fl-4a"/>
      </object_component>
      <object_component id="oc-90">
         <name>.int49</name>
         <load_address>0xfff2</load_address>
         <run_address>0xfff2</run_address>
         <size>0x2</size>
         <input_file_ref idref="fl-4b"/>
      </object_component>
      <object_component id="oc-91">
         <name>.int50</name>
         <load_address>0xfff4</load_address>
         <run_address>0xfff4</run_address>
         <size>0x2</size>
         <input_file_ref idref="fl-4c"/>
      </object_component>
      <object_component id="oc-92">
         <name>.int51</name>
         <load_address>0xfff6</load_address>
         <run_address>0xfff6</run_address>
         <size>0x2</size>
         <input_file_ref idref="fl-4d"/>
      </object_component>
      <object_component id="oc-93">
         <name>.int52</name>
         <load_address>0xfff8</load_address>
         <run_address>0xfff8</run_address>
         <size>0x2</size>
         <input_file_ref idref="fl-4e"/>
      </object_component>
      <object_component id="oc-94">
         <name>.int53</name>
         <load_address>0xfffa</load_address>
         <run_address>0xfffa</run_address>
         <size>0x2</size>
         <input_file_ref idref="fl-4f"/>
      </object_component>
      <object_component id="oc-95">
         <name>.int54</name>
         <load_address>0xfffc</load_address>
         <run_address>0xfffc</run_address>
         <size>0x2</size>
         <input_file_ref idref="fl-50"/>
      </object_component>
      <object_component id="oc-db">
         <name>.reset</name>
         <load_address>0xfffe</load_address>
         <run_address>0xfffe</run_address>
         <size>0x2</size>
         <input_file_ref idref="fl-5e"/>
      </object_component>
      <object_component id="oc-15d">
         <name>.debug_info</name>
         <load_address>0x0</load_address>
         <run_address>0x0</run_address>
         <size>0x6e8</size>
         <input_file_ref idref="fl-2"/>
      </object_component>
      <object_component id="oc-12f">
         <name>.debug_info</name>
         <load_address>0x6e8</load_address>
         <run_address>0x6e8</run_address>
         <size>0x1d7</size>
         <input_file_ref idref="fl-2"/>
      </object_component>
      <object_component id="oc-102">
         <name>.debug_info</name>
         <load_address>0x8bf</load_address>
         <run_address>0x8bf</run_address>
         <size>0x137</size>
         <input_file_ref idref="fl-2"/>
      </object_component>
      <object_component id="oc-fc">
         <name>.debug_info</name>
         <load_address>0x9f6</load_address>
         <run_address>0x9f6</run_address>
         <size>0x13d</size>
         <input_file_ref idref="fl-2"/>
      </object_component>
      <object_component id="oc-1b1">
         <name>.debug_info</name>
         <load_address>0xb33</load_address>
         <run_address>0xb33</run_address>
         <size>0xc8</size>
         <input_file_ref idref="fl-2"/>
      </object_component>
      <object_component id="oc-144">
         <name>.debug_info</name>
         <load_address>0xbfb</load_address>
         <run_address>0xbfb</run_address>
         <size>0x84</size>
         <input_file_ref idref="fl-2"/>
      </object_component>
      <object_component id="oc-221">
         <name>.debug_info</name>
         <load_address>0xc7f</load_address>
         <run_address>0xc7f</run_address>
         <size>0x2c</size>
         <input_file_ref idref="fl-2"/>
      </object_component>
      <object_component id="oc-e8">
         <name>.debug_info</name>
         <load_address>0xcab</load_address>
         <run_address>0xcab</run_address>
         <size>0x1a9</size>
         <input_file_ref idref="fl-37"/>
      </object_component>
      <object_component id="oc-72">
         <name>.debug_info</name>
         <load_address>0xe54</load_address>
         <run_address>0xe54</run_address>
         <size>0x1c2</size>
         <input_file_ref idref="fl-37"/>
      </object_component>
      <object_component id="oc-e3">
         <name>.debug_info</name>
         <load_address>0x1016</load_address>
         <run_address>0x1016</run_address>
         <size>0x46</size>
         <input_file_ref idref="fl-37"/>
      </object_component>
      <object_component id="oc-152">
         <name>.debug_info</name>
         <load_address>0x105c</load_address>
         <run_address>0x105c</run_address>
         <size>0x2c</size>
         <input_file_ref idref="fl-37"/>
      </object_component>
      <object_component id="oc-f0">
         <name>.debug_info</name>
         <load_address>0x1088</load_address>
         <run_address>0x1088</run_address>
         <size>0x166</size>
         <input_file_ref idref="fl-38"/>
      </object_component>
      <object_component id="oc-ea">
         <name>.debug_info</name>
         <load_address>0x11ee</load_address>
         <run_address>0x11ee</run_address>
         <size>0x21d</size>
         <input_file_ref idref="fl-38"/>
      </object_component>
      <object_component id="oc-78">
         <name>.debug_info</name>
         <load_address>0x140b</load_address>
         <run_address>0x140b</run_address>
         <size>0x1bc</size>
         <input_file_ref idref="fl-38"/>
      </object_component>
      <object_component id="oc-f1">
         <name>.debug_info</name>
         <load_address>0x15c7</load_address>
         <run_address>0x15c7</run_address>
         <size>0x39</size>
         <input_file_ref idref="fl-38"/>
      </object_component>
      <object_component id="oc-f7">
         <name>.debug_info</name>
         <load_address>0x1600</load_address>
         <run_address>0x1600</run_address>
         <size>0xf0</size>
         <input_file_ref idref="fl-3a"/>
      </object_component>
      <object_component id="oc-10d">
         <name>.debug_info</name>
         <load_address>0x16f0</load_address>
         <run_address>0x16f0</run_address>
         <size>0x157</size>
         <input_file_ref idref="fl-51"/>
      </object_component>
      <object_component id="oc-97">
         <name>.debug_info</name>
         <load_address>0x1847</load_address>
         <run_address>0x1847</run_address>
         <size>0x19d</size>
         <input_file_ref idref="fl-51"/>
      </object_component>
      <object_component id="oc-108">
         <name>.debug_info</name>
         <load_address>0x19e4</load_address>
         <run_address>0x19e4</run_address>
         <size>0x46</size>
         <input_file_ref idref="fl-51"/>
      </object_component>
      <object_component id="oc-191">
         <name>.debug_info</name>
         <load_address>0x1a2a</load_address>
         <run_address>0x1a2a</run_address>
         <size>0x102</size>
         <input_file_ref idref="fl-52"/>
      </object_component>
      <object_component id="oc-1e1">
         <name>.debug_info</name>
         <load_address>0x1b2c</load_address>
         <run_address>0x1b2c</run_address>
         <size>0x1ef</size>
         <input_file_ref idref="fl-53"/>
      </object_component>
      <object_component id="oc-196">
         <name>.debug_info</name>
         <load_address>0x1d1b</load_address>
         <run_address>0x1d1b</run_address>
         <size>0x184</size>
         <input_file_ref idref="fl-53"/>
      </object_component>
      <object_component id="oc-1e2">
         <name>.debug_info</name>
         <load_address>0x1e9f</load_address>
         <run_address>0x1e9f</run_address>
         <size>0xdb</size>
         <input_file_ref idref="fl-53"/>
      </object_component>
      <object_component id="oc-18c">
         <name>.debug_info</name>
         <load_address>0x1f7a</load_address>
         <run_address>0x1f7a</run_address>
         <size>0x102</size>
         <input_file_ref idref="fl-54"/>
      </object_component>
      <object_component id="oc-182">
         <name>.debug_info</name>
         <load_address>0x207c</load_address>
         <run_address>0x207c</run_address>
         <size>0x10d</size>
         <input_file_ref idref="fl-55"/>
      </object_component>
      <object_component id="oc-187">
         <name>.debug_info</name>
         <load_address>0x2189</load_address>
         <run_address>0x2189</run_address>
         <size>0x105</size>
         <input_file_ref idref="fl-56"/>
      </object_component>
      <object_component id="oc-25f">
         <name>.debug_info</name>
         <load_address>0x228e</load_address>
         <run_address>0x228e</run_address>
         <size>0x111</size>
         <input_file_ref idref="fl-57"/>
      </object_component>
      <object_component id="oc-17d">
         <name>.debug_info</name>
         <load_address>0x239f</load_address>
         <run_address>0x239f</run_address>
         <size>0x111</size>
         <input_file_ref idref="fl-59"/>
      </object_component>
      <object_component id="oc-423">
         <name>.debug_info</name>
         <load_address>0x24b0</load_address>
         <run_address>0x24b0</run_address>
         <size>0x101</size>
         <input_file_ref idref="fl-5d"/>
      </object_component>
      <object_component id="oc-1dc">
         <name>.debug_info</name>
         <load_address>0x25b1</load_address>
         <run_address>0x25b1</run_address>
         <size>0x107</size>
         <input_file_ref idref="fl-5d"/>
      </object_component>
      <object_component id="oc-d9">
         <name>.debug_info</name>
         <load_address>0x26b8</load_address>
         <run_address>0x26b8</run_address>
         <size>0xd8</size>
         <input_file_ref idref="fl-5e"/>
      </object_component>
      <object_component id="oc-164">
         <name>.debug_info</name>
         <load_address>0x2790</load_address>
         <run_address>0x2790</run_address>
         <size>0x306</size>
         <input_file_ref idref="fl-60"/>
      </object_component>
      <object_component id="oc-115">
         <name>.debug_info</name>
         <load_address>0x2a96</load_address>
         <run_address>0x2a96</run_address>
         <size>0x1da</size>
         <input_file_ref idref="fl-60"/>
      </object_component>
      <object_component id="oc-1b8">
         <name>.debug_info</name>
         <load_address>0x2c70</load_address>
         <run_address>0x2c70</run_address>
         <size>0x39</size>
         <input_file_ref idref="fl-60"/>
      </object_component>
      <object_component id="oc-165">
         <name>.debug_info</name>
         <load_address>0x2ca9</load_address>
         <run_address>0x2ca9</run_address>
         <size>0x2c</size>
         <input_file_ref idref="fl-60"/>
      </object_component>
      <object_component id="oc-b5">
         <name>.debug_info</name>
         <load_address>0x2cd5</load_address>
         <run_address>0x2cd5</run_address>
         <size>0x179</size>
         <input_file_ref idref="fl-61"/>
      </object_component>
      <object_component id="oc-10f">
         <name>.debug_info</name>
         <load_address>0x2e4e</load_address>
         <run_address>0x2e4e</run_address>
         <size>0x12b</size>
         <input_file_ref idref="fl-63"/>
      </object_component>
      <object_component id="oc-137">
         <name>.debug_info</name>
         <load_address>0x2f79</load_address>
         <run_address>0x2f79</run_address>
         <size>0xfa</size>
         <input_file_ref idref="fl-64"/>
      </object_component>
      <object_component id="oc-1cc">
         <name>.debug_info</name>
         <load_address>0x3073</load_address>
         <run_address>0x3073</run_address>
         <size>0x140</size>
         <input_file_ref idref="fl-65"/>
      </object_component>
      <object_component id="oc-16d">
         <name>.debug_info</name>
         <load_address>0x31b3</load_address>
         <run_address>0x31b3</run_address>
         <size>0xd7</size>
         <input_file_ref idref="fl-65"/>
      </object_component>
      <object_component id="oc-176">
         <name>.debug_info</name>
         <load_address>0x328a</load_address>
         <run_address>0x328a</run_address>
         <size>0xdb</size>
         <input_file_ref idref="fl-65"/>
      </object_component>
      <object_component id="oc-1c5">
         <name>.debug_info</name>
         <load_address>0x3365</load_address>
         <run_address>0x3365</run_address>
         <size>0x106</size>
         <input_file_ref idref="fl-65"/>
      </object_component>
      <object_component id="oc-14a">
         <name>.debug_info</name>
         <load_address>0x346b</load_address>
         <run_address>0x346b</run_address>
         <size>0x169</size>
         <input_file_ref idref="fl-66"/>
      </object_component>
      <object_component id="oc-dd">
         <name>.debug_info</name>
         <load_address>0x35d4</load_address>
         <run_address>0x35d4</run_address>
         <size>0x185</size>
         <input_file_ref idref="fl-66"/>
      </object_component>
      <object_component id="oc-14b">
         <name>.debug_info</name>
         <load_address>0x3759</load_address>
         <run_address>0x3759</run_address>
         <size>0x2c</size>
         <input_file_ref idref="fl-66"/>
      </object_component>
      <object_component id="oc-1fa">
         <name>.debug_info</name>
         <load_address>0x3785</load_address>
         <run_address>0x3785</run_address>
         <size>0x229</size>
         <input_file_ref idref="fl-67"/>
      </object_component>
      <object_component id="oc-19e">
         <name>.debug_info</name>
         <load_address>0x39ae</load_address>
         <run_address>0x39ae</run_address>
         <size>0x1ab</size>
         <input_file_ref idref="fl-67"/>
      </object_component>
      <object_component id="oc-1e8">
         <name>.debug_info</name>
         <load_address>0x3b59</load_address>
         <run_address>0x3b59</run_address>
         <size>0x170</size>
         <input_file_ref idref="fl-67"/>
      </object_component>
      <object_component id="oc-1ee">
         <name>.debug_info</name>
         <load_address>0x3cc9</load_address>
         <run_address>0x3cc9</run_address>
         <size>0x145</size>
         <input_file_ref idref="fl-67"/>
      </object_component>
      <object_component id="oc-22d">
         <name>.debug_info</name>
         <load_address>0x3e0e</load_address>
         <run_address>0x3e0e</run_address>
         <size>0x2c</size>
         <input_file_ref idref="fl-67"/>
      </object_component>
      <object_component id="oc-220">
         <name>.debug_info</name>
         <load_address>0x3e3a</load_address>
         <run_address>0x3e3a</run_address>
         <size>0x4b7</size>
         <input_file_ref idref="fl-68"/>
      </object_component>
      <object_component id="oc-208">
         <name>.debug_info</name>
         <load_address>0x42f1</load_address>
         <run_address>0x42f1</run_address>
         <size>0x167</size>
         <input_file_ref idref="fl-68"/>
      </object_component>
      <object_component id="oc-20e">
         <name>.debug_info</name>
         <load_address>0x4458</load_address>
         <run_address>0x4458</run_address>
         <size>0x237</size>
         <input_file_ref idref="fl-68"/>
      </object_component>
      <object_component id="oc-26b">
         <name>.debug_info</name>
         <load_address>0x468f</load_address>
         <run_address>0x468f</run_address>
         <size>0x18b</size>
         <input_file_ref idref="fl-68"/>
      </object_component>
      <object_component id="oc-2b9">
         <name>.debug_info</name>
         <load_address>0x481a</load_address>
         <run_address>0x481a</run_address>
         <size>0x1c0</size>
         <input_file_ref idref="fl-68"/>
      </object_component>
      <object_component id="oc-271">
         <name>.debug_info</name>
         <load_address>0x49da</load_address>
         <run_address>0x49da</run_address>
         <size>0x211</size>
         <input_file_ref idref="fl-68"/>
      </object_component>
      <object_component id="oc-244">
         <name>.debug_info</name>
         <load_address>0x4beb</load_address>
         <run_address>0x4beb</run_address>
         <size>0x22e</size>
         <input_file_ref idref="fl-68"/>
      </object_component>
      <object_component id="oc-2c5">
         <name>.debug_info</name>
         <load_address>0x4e19</load_address>
         <run_address>0x4e19</run_address>
         <size>0x359</size>
         <input_file_ref idref="fl-68"/>
      </object_component>
      <object_component id="oc-2cb">
         <name>.debug_info</name>
         <load_address>0x5172</load_address>
         <run_address>0x5172</run_address>
         <size>0x18b</size>
         <input_file_ref idref="fl-68"/>
      </object_component>
      <object_component id="oc-2d1">
         <name>.debug_info</name>
         <load_address>0x52fd</load_address>
         <run_address>0x52fd</run_address>
         <size>0x1ed</size>
         <input_file_ref idref="fl-68"/>
      </object_component>
      <object_component id="oc-28a">
         <name>.debug_info</name>
         <load_address>0x54ea</load_address>
         <run_address>0x54ea</run_address>
         <size>0x250</size>
         <input_file_ref idref="fl-68"/>
      </object_component>
      <object_component id="oc-2d8">
         <name>.debug_info</name>
         <load_address>0x573a</load_address>
         <run_address>0x573a</run_address>
         <size>0x351</size>
         <input_file_ref idref="fl-68"/>
      </object_component>
      <object_component id="oc-2de">
         <name>.debug_info</name>
         <load_address>0x5a8b</load_address>
         <run_address>0x5a8b</run_address>
         <size>0x1ed</size>
         <input_file_ref idref="fl-68"/>
      </object_component>
      <object_component id="oc-290">
         <name>.debug_info</name>
         <load_address>0x5c78</load_address>
         <run_address>0x5c78</run_address>
         <size>0x214</size>
         <input_file_ref idref="fl-68"/>
      </object_component>
      <object_component id="oc-296">
         <name>.debug_info</name>
         <load_address>0x5e8c</load_address>
         <run_address>0x5e8c</run_address>
         <size>0x367</size>
         <input_file_ref idref="fl-68"/>
      </object_component>
      <object_component id="oc-366">
         <name>.debug_info</name>
         <load_address>0x61f3</load_address>
         <run_address>0x61f3</run_address>
         <size>0x179</size>
         <input_file_ref idref="fl-68"/>
      </object_component>
      <object_component id="oc-36c">
         <name>.debug_info</name>
         <load_address>0x636c</load_address>
         <run_address>0x636c</run_address>
         <size>0x18a</size>
         <input_file_ref idref="fl-68"/>
      </object_component>
      <object_component id="oc-2f8">
         <name>.debug_info</name>
         <load_address>0x64f6</load_address>
         <run_address>0x64f6</run_address>
         <size>0x3f1</size>
         <input_file_ref idref="fl-68"/>
      </object_component>
      <object_component id="oc-29c">
         <name>.debug_info</name>
         <load_address>0x68e7</load_address>
         <run_address>0x68e7</run_address>
         <size>0x262</size>
         <input_file_ref idref="fl-68"/>
      </object_component>
      <object_component id="oc-24a">
         <name>.debug_info</name>
         <load_address>0x6b49</load_address>
         <run_address>0x6b49</run_address>
         <size>0x3a2</size>
         <input_file_ref idref="fl-68"/>
      </object_component>
      <object_component id="oc-214">
         <name>.debug_info</name>
         <load_address>0x6eeb</load_address>
         <run_address>0x6eeb</run_address>
         <size>0x2c4</size>
         <input_file_ref idref="fl-68"/>
      </object_component>
      <object_component id="oc-21a">
         <name>.debug_info</name>
         <load_address>0x71af</load_address>
         <run_address>0x71af</run_address>
         <size>0x23f</size>
         <input_file_ref idref="fl-68"/>
      </object_component>
      <object_component id="oc-1f4">
         <name>.debug_info</name>
         <load_address>0x73ee</load_address>
         <run_address>0x73ee</run_address>
         <size>0x2d0</size>
         <input_file_ref idref="fl-68"/>
      </object_component>
      <object_component id="oc-226">
         <name>.debug_info</name>
         <load_address>0x76be</load_address>
         <run_address>0x76be</run_address>
         <size>0x86</size>
         <input_file_ref idref="fl-68"/>
      </object_component>
      <object_component id="oc-2aa">
         <name>.debug_info</name>
         <load_address>0x7744</load_address>
         <run_address>0x7744</run_address>
         <size>0x46</size>
         <input_file_ref idref="fl-68"/>
      </object_component>
      <object_component id="oc-259">
         <name>.debug_info</name>
         <load_address>0x778a</load_address>
         <run_address>0x778a</run_address>
         <size>0x39</size>
         <input_file_ref idref="fl-68"/>
      </object_component>
      <object_component id="oc-2c2">
         <name>.debug_info</name>
         <load_address>0x77c3</load_address>
         <run_address>0x77c3</run_address>
         <size>0x1be</size>
         <input_file_ref idref="fl-69"/>
      </object_component>
      <object_component id="oc-27e">
         <name>.debug_info</name>
         <load_address>0x7981</load_address>
         <run_address>0x7981</run_address>
         <size>0x179</size>
         <input_file_ref idref="fl-69"/>
      </object_component>
      <object_component id="oc-2ff">
         <name>.debug_info</name>
         <load_address>0x7afa</load_address>
         <run_address>0x7afa</run_address>
         <size>0x1cb</size>
         <input_file_ref idref="fl-6a"/>
      </object_component>
      <object_component id="oc-2a2">
         <name>.debug_info</name>
         <load_address>0x7cc5</load_address>
         <run_address>0x7cc5</run_address>
         <size>0x1e1</size>
         <input_file_ref idref="fl-6a"/>
      </object_component>
      <object_component id="oc-300">
         <name>.debug_info</name>
         <load_address>0x7ea6</load_address>
         <run_address>0x7ea6</run_address>
         <size>0x94</size>
         <input_file_ref idref="fl-6a"/>
      </object_component>
[...]
         <value>0x12a2e</value>
         <object_component_ref idref="oc-190"/>
      </symbol>
      <symbol id="sm-481">
         <name>__mspabi_addf</name>
         <value>0x12a34</value>
         <object_component_ref idref="oc-190"/>
      </symbol>
      <symbol id="sm-497">
         <name>__mspabi_cvtfd</name>
         <value>0x136b0</value>
         <object_component_ref idref="oc-195"/>
      </symbol>
      <symbol id="sm-4b7">
         <name>__mspabi_divf</name>
         <value>0x132dc</value>
         <object_component_ref idref="oc-18b"/>
      </symbol>
      <symbol id="sm-4cd">
         <name>__mspabi_fltlif</name>
         <value>0x138d0</value>
         <object_component_ref idref="oc-181"/>
      </symbol>
      <symbol id="sm-4dd">
         <name>__mspabi_fltuf</name>
         <value>0x13d12</value>
         <object_component_ref idref="oc-186"/>
      </symbol>
      <symbol id="sm-4ea">
         <name>__mspabi_mpyi_f5hw</name>
         <value>0x13dfe</value>
         <object_component_ref idref="oc-25e"/>
      </symbol>
      <symbol id="sm-4fd">
         <name>__mspabi_mpyl_f5hw</name>
         <value>0x13d36</value>
         <object_component_ref idref="oc-17c"/>
      </symbol>
      <symbol id="sm-531">
         <name>__mspabi_sral</name>
         <value>0x13e60</value>
         <object_component_ref idref="oc-422"/>
      </symbol>
      <symbol id="sm-532">
         <name>__mspabi_sral_15</name>
         <value>0x13a64</value>
         <object_component_ref idref="oc-1db"/>
      </symbol>
      <symbol id="sm-533">
         <name>__mspabi_sral_14</name>
         <value>0x13a68</value>
         <object_component_ref idref="oc-1db"/>
      </symbol>
      <symbol id="sm-534">
         <name>__mspabi_sral_13</name>
         <value>0x13a6c</value>
         <object_component_ref idref="oc-1db"/>
      </symbol>
      <symbol id="sm-535">
         <name>__mspabi_sral_12</name>
         <value>0x13a70</value>
         <object_component_ref idref="oc-1db"/>
      </symbol>
      <symbol id="sm-536">
         <name>__mspabi_sral_11</name>
         <value>0x13a74</value>
         <object_component_ref idref="oc-1db"/>
      </symbol>
      <symbol id="sm-537">
         <name>__mspabi_sral_10</name>
         <value>0x13a78</value>
         <object_component_ref idref="oc-1db"/>
      </symbol>
      <symbol id="sm-538">
         <name>__mspabi_sral_8</name>
         <value>0x13a80</value>
         <object_component_ref idref="oc-1db"/>
      </symbol>
      <symbol id="sm-539">
         <name>__mspabi_sral_9</name>
         <value>0x13a7c</value>
         <object_component_ref idref="oc-1db"/>
      </symbol>
      <symbol id="sm-53a">
         <name>__mspabi_sral_6</name>
         <value>0x13a88</value>
         <object_component_ref idref="oc-1db"/>
      </symbol>
      <symbol id="sm-53b">
         <name>__mspabi_sral_7</name>
         <value>0x13a84</value>
         <object_component_ref idref="oc-1db"/>
      </symbol>
      <symbol id="sm-53c">
         <name>__mspabi_sral_4</name>
         <value>0x13a90</value>
         <object_component_ref idref="oc-1db"/>
      </symbol>
      <symbol id="sm-53d">
         <name>__mspabi_sral_5</name>
         <value>0x13a8c</value>
         <object_component_ref idref="oc-1db"/>
      </symbol>
      <symbol id="sm-53e">
         <name>__mspabi_sral_2</name>
         <value>0x13a98</value>
         <object_component_ref idref="oc-1db"/>
      </symbol>
      <symbol id="sm-53f">
         <name>__mspabi_sral_3</name>
         <value>0x13a94</value>
         <object_component_ref idref="oc-1db"/>
      </symbol>
      <symbol id="sm-540">
         <name>__mspabi_sral_1</name>
         <value>0x13a9c</value>
         <object_component_ref idref="oc-1db"/>
      </symbol>
      <symbol id="sm-549">
         <name>_stack</name>
         <value>0x2018</value>
         <object_component_ref idref="oc-d8"/>
      </symbol>
      <symbol id="sm-54a">
         <name>_reset_vector</name>
         <value>0xfffe</value>
         <object_component_ref idref="oc-db"/>
      </symbol>
      <symbol id="sm-568">
         <name>_auto_init_hold_wdt</name>
         <value>0x13714</value>
         <object_component_ref idref="oc-114"/>
      </symbol>
      <symbol id="sm-573">
         <name>_c_int00_noargs_noexit</name>
         <value>0x4400</value>
         <object_component_ref idref="oc-b4"/>
      </symbol>
      <symbol id="sm-57d">
         <name>_system_pre_init</name>
         <value>0x13ece</value>
         <object_component_ref idref="oc-10e"/>
      </symbol>
      <symbol id="sm-588">
         <name>C$$EXIT</name>
         <value>0x13ed2</value>
         <object_component_ref idref="oc-136"/>
      </symbol>
      <symbol id="sm-589">
         <name>abort</name>
         <value>0x13ed2</value>
         <object_component_ref idref="oc-136"/>
      </symbol>
      <symbol id="sm-59f">
         <name>_nop</name>
         <value>0x13ed6</value>
         <object_component_ref idref="oc-1c4"/>
      </symbol>
      <symbol id="sm-5a0">
         <name>_lock</name>
         <value>0x1d38</value>
         <object_component_ref idref="oc-16c"/>
      </symbol>
      <symbol id="sm-5a1">
         <name>_unlock</name>
         <value>0x1d3c</value>
         <object_component_ref idref="oc-175"/>
      </symbol>
      <symbol id="sm-5b4">
         <name>memcpy</name>
         <value>0x13e28</value>
         <object_component_ref idref="oc-dc"/>
      </symbol>
      <symbol id="sm-5d5">
         <name>sprintf</name>
         <value>0x13960</value>
         <object_component_ref idref="oc-19d"/>
      </symbol>
      <symbol id="sm-79e">
         <name>__TI_printfi</name>
         <value>0x11d42</value>
         <object_component_ref idref="oc-1f3"/>
      </symbol>
      <symbol id="sm-7af">
         <name>_Dclass</name>
         <value>0x13832</value>
         <object_component_ref idref="oc-27d"/>
      </symbol>
      <symbol id="sm-7d1">
         <name>__mspabi_cmpd</name>
         <value>0x12e54</value>
         <object_component_ref idref="oc-2a1"/>
      </symbol>
      <symbol id="sm-7f2">
         <name>__mspabi_divd</name>
         <value>0x114de</value>
         <object_component_ref idref="oc-2ea"/>
      </symbol>
      <symbol id="sm-80d">
         <name>__TI_frcdivd</name>
         <value>0x10000</value>
         <object_component_ref idref="oc-34f"/>
      </symbol>
      <symbol id="sm-817">
         <name>__mspabi_remu</name>
         <value>0x13de8</value>
         <object_component_ref idref="oc-30f"/>
      </symbol>
      <symbol id="sm-818">
         <name>__mspabi_divu</name>
         <value>0x13de8</value>
         <object_component_ref idref="oc-30f"/>
      </symbol>
      <symbol id="sm-827">
         <name>__mspabi_remul</name>
         <value>0x137da</value>
         <object_component_ref idref="oc-314"/>
      </symbol>
      <symbol id="sm-828">
         <name>__mspabi_divul</name>
         <value>0x137da</value>
         <object_component_ref idref="oc-314"/>
      </symbol>
      <symbol id="sm-870">
         <name>__mspabi_srlll</name>
         <value>0x13b58</value>
         <object_component_ref idref="oc-309"/>
      </symbol>
      <symbol id="sm-871">
         <name>__mspabi_sllll</name>
         <value>0x13b1e</value>
         <object_component_ref idref="oc-382"/>
      </symbol>
      <symbol id="sm-872">
         <name>__mspabi_divull</name>
         <value>0x10452</value>
         <object_component_ref idref="oc-319"/>
      </symbol>
      <symbol id="sm-882">
         <name>__mspabi_fixdi</name>
         <value>0x13cc6</value>
         <object_component_ref idref="oc-336"/>
      </symbol>
      <symbol id="sm-894">
         <name>__mspabi_fixdli</name>
         <value>0x1364a</value>
         <object_component_ref idref="oc-33c"/>
      </symbol>
      <symbol id="sm-8a0">
         <name>__mspabi_fltid</name>
         <value>0x13e9e</value>
         <object_component_ref idref="oc-371"/>
      </symbol>
      <symbol id="sm-8b8">
         <name>__mspabi_fltlid</name>
         <value>0x13124</value>
         <object_component_ref idref="oc-32a"/>
      </symbol>
      <symbol id="sm-8d8">
         <name>__mspabi_mpyd</name>
         <value>0x10da8</value>
         <object_component_ref idref="oc-2e4"/>
      </symbol>
      <symbol id="sm-8e9">
         <name>__TI_frcmpyd</name>
         <value>0x107ec</value>
         <object_component_ref idref="oc-347"/>
      </symbol>
      <symbol id="sm-8f5">
         <name>__mspabi_negd</name>
         <value>0x13c98</value>
         <object_component_ref idref="oc-283"/>
      </symbol>
      <symbol id="sm-905">
         <name>__mspabi_slll_9</name>
         <value>0x13aba</value>
         <object_component_ref idref="oc-397"/>
      </symbol>
      <symbol id="sm-906">
         <name>__mspabi_slll_8</name>
         <value>0x13abe</value>
         <object_component_ref idref="oc-397"/>
      </symbol>
      <symbol id="sm-907">
         <name>__mspabi_slll_7</name>
         <value>0x13ac2</value>
         <object_component_ref idref="oc-397"/>
      </symbol>
      <symbol id="sm-908">
         <name>__mspabi_slll_6</name>
         <value>0x13ac6</value>
         <object_component_ref idref="oc-397"/>
      </symbol>
      <symbol id="sm-909">
         <name>__mspabi_slll_5</name>
         <value>0x13aca</value>
         <object_component_ref idref="oc-397"/>
      </symbol>
      <symbol id="sm-90a">
         <name>__mspabi_slll_4</name>
         <value>0x13ace</value>
         <object_component_ref idref="oc-397"/>
      </symbol>
      <symbol id="sm-90b">
         <name>__mspabi_slll_3</name>
         <value>0x13ad2</value>
         <object_component_ref idref="oc-397"/>
      </symbol>
      <symbol id="sm-90c">
         <name>__mspabi_slll_2</name>
         <value>0x13ad6</value>
         <object_component_ref idref="oc-397"/>
      </symbol>
      <symbol id="sm-90d">
         <name>__mspabi_slll_1</name>
         <value>0x13ada</value>
         <object_component_ref idref="oc-397"/>
      </symbol>
      <symbol id="sm-90e">
         <name>__mspabi_slll</name>
         <value>0x13e70</value>
         <object_component_ref idref="oc-41d"/>
      </symbol>
      <symbol id="sm-90f">
         <name>__mspabi_slll_15</name>
         <value>0x13aa2</value>
         <object_component_ref idref="oc-397"/>
      </symbol>
      <symbol id="sm-910">
         <name>__mspabi_slll_14</name>
         <value>0x13aa6</value>
         <object_component_ref idref="oc-397"/>
      </symbol>
      <symbol id="sm-911">
         <name>__mspabi_slll_13</name>
         <value>0x13aaa</value>
         <object_component_ref idref="oc-397"/>
      </symbol>
      <symbol id="sm-912">
         <name>__mspabi_slll_12</name>
         <value>0x13aae</value>
         <object_component_ref idref="oc-397"/>
      </symbol>
      <symbol id="sm-913">
         <name>__mspabi_slll_11</name>
         <value>0x13ab2</value>
         <object_component_ref idref="oc-397"/>
      </symbol>
      <symbol id="sm-914">
         <name>__mspabi_slll_10</name>
         <value>0x13ab6</value>
         <object_component_ref idref="oc-397"/>
      </symbol>
      <symbol id="sm-924">
         <name>__mspabi_srll_8</name>
         <value>0x13afc</value>
         <object_component_ref idref="oc-39c"/>
      </symbol>
      <symbol id="sm-925">
         <name>__mspabi_srll_9</name>
         <value>0x13af8</value>
         <object_component_ref idref="oc-39c"/>
      </symbol>
      <symbol id="sm-926">
         <name>__mspabi_srll_6</name>
         <value>0x13b04</value>
         <object_component_ref idref="oc-39c"/>
      </symbol>
      <symbol id="sm-927">
         <name>__mspabi_srll_7</name>
         <value>0x13b00</value>
         <object_component_ref idref="oc-39c"/>
      </symbol>
      <symbol id="sm-928">
         <name>__mspabi_srll_4</name>
         <value>0x13b0c</value>
         <object_component_ref idref="oc-39c"/>
      </symbol>
      <symbol id="sm-929">
         <name>__mspabi_srll_5</name>
         <value>0x13b08</value>
         <object_component_ref idref="oc-39c"/>
      </symbol>
      <symbol id="sm-92a">
         <name>__mspabi_srll_2</name>
         <value>0x13b14</value>
         <object_component_ref idref="oc-39c"/>
      </symbol>
      <symbol id="sm-92b">
         <name>__mspabi_srll_3</name>
         <value>0x13b10</value>
         <object_component_ref idref="oc-39c"/>
      </symbol>
      <symbol id="sm-92c">
         <name>__mspabi_srll_1</name>
         <value>0x13b18</value>
         <object_component_ref idref="oc-39c"/>
      </symbol>
      <symbol id="sm-92d">
         <name>__mspabi_srll_15</name>
         <value>0x13ae0</value>
         <object_component_ref idref="oc-39c"/>
      </symbol>
      <symbol id="sm-92e">
         <name>__mspabi_srll_14</name>
         <value>0x13ae4</value>
         <object_component_ref idref="oc-39c"/>
      </symbol>
      <symbol id="sm-92f">
         <name>__mspabi_srll_13</name>
         <value>0x13ae8</value>
         <object_component_ref idref="oc-39c"/>
      </symbol>
      <symbol id="sm-930">
         <name>__mspabi_srll_12</name>
         <value>0x13aec</value>
         <object_component_ref idref="oc-39c"/>
      </symbol>
      <symbol id="sm-931">
         <name>__mspabi_srll_11</name>
         <value>0x13af0</value>
         <object_component_ref idref="oc-39c"/>
      </symbol>
      <symbol id="sm-932">
         <name>__mspabi_srll_10</name>
         <value>0x13af4</value>
         <object_component_ref idref="oc-39c"/>
      </symbol>
      <symbol id="sm-933">
         <name>__mspabi_srll</name>
         <value>0x13e80</value>
         <object_component_ref idref="oc-37d"/>
      </symbol>
      <symbol id="sm-93f">
         <name>__mspabi_subd</name>
         <value>0x13c34</value>
         <object_component_ref idref="oc-330"/>
      </symbol>
      <symbol id="sm-961">
         <name>__mspabi_addd</name>
         <value>0x10ad0</value>
         <object_component_ref idref="oc-3a3"/>
      </symbol>
      <symbol id="sm-982">
         <name>__TI_frcaddd</name>
         <value>0x1128c</value>
         <object_component_ref idref="oc-3e6"/>
      </symbol>
      <symbol id="sm-996">
         <name>__TI_renormd</name>
         <value>0x12f2c</value>
         <object_component_ref idref="oc-427"/>
      </symbol>
      <symbol id="sm-9a9">
         <name>atoi</name>
         <value>0x13778</value>
         <object_component_ref idref="oc-235"/>
      </symbol>
      <symbol id="sm-9b3">
         <name>_ctypes_</name>
         <value>0x444a</value>
         <object_component_ref idref="oc-263"/>
      </symbol>
      <symbol id="sm-9bf">
         <name>frexp</name>
         <value>0x139a4</value>
         <object_component_ref idref="oc-2f1"/>
      </symbol>
      <symbol id="sm-9d1">
         <name>_Dunscale</name>
         <value>0x13570</value>
         <object_component_ref idref="oc-357"/>
      </symbol>
      <symbol id="sm-9e4">
         <name>_Dnorm</name>
         <value>0x12b5e</value>
         <object_component_ref idref="oc-3b7"/>
      </symbol>
      <symbol id="sm-9f4">
         <name>ldexp</name>
         <value>0x133f2</value>
         <object_component_ref idref="oc-35f"/>
      </symbol>
      <symbol id="sm-a18">
         <name>_Dscale</name>
         <value>0x122ea</value>
         <object_component_ref idref="oc-3c1"/>
      </symbol>
      <symbol id="sm-a24">
         <name>_Feraise</name>
         <value>0x13bca</value>
         <object_component_ref idref="oc-3c7"/>
      </symbol>
      <symbol id="sm-a2b">
         <name>_Errno</name>
         <value>0x1d40</value>
         <object_component_ref idref="oc-411"/>
      </symbol>
      <symbol id="sm-a32">
         <name>_Rteps</name>
         <value>0x1d10</value>
         <object_component_ref idref="oc-406"/>
      </symbol>
      <symbol id="sm-a33">
         <name>_Zero</name>
         <value>0x1d28</value>
         <object_component_ref idref="oc-406"/>
      </symbol>
      <symbol id="sm-a34">
         <name>_Hugeval</name>
         <value>0x1cd0</value>
         <object_component_ref idref="oc-406"/>
      </symbol>
      <symbol id="sm-a35">
         <name>_Snan</name>
         <value>0x1d00</value>
         <object_component_ref idref="oc-406"/>
      </symbol>
      <symbol id="sm-a36">
         <name>_Nan</name>
         <value>0x1cf0</value>
         <object_component_ref idref="oc-406"/>
      </symbol>
      <symbol id="sm-a37">
         <name>_Inf</name>
         <value>0x1ce0</value>
         <object_component_ref idref="oc-406"/>
      </symbol>
      <symbol id="sm-a38">
         <name>_Xbig</name>
         <value>0x1d20</value>
         <object_component_ref idref="oc-406"/>
      </symbol>
      <symbol id="sm-a39">
         <name>_Eps</name>
         <value>0x1cc0</value>
         <object_component_ref idref="oc-406"/>
      </symbol>
      <symbol id="sm-a3a">
         <name>_Denorm</name>
         <value>0x1cb0</value>
         <object_component_ref idref="oc-406"/>
      </symbol>
      <symbol id="sm-a43">
         <name>__mspabi_slli</name>
         <value>0x13eb4</value>
         <object_component_ref idref="oc-401"/>
      </symbol>
      <symbol id="sm-a4c">
         <name>__mspabi_srli</name>
         <value>0x13ebe</value>
         <object_component_ref idref="oc-3fc"/>
      </symbol>
      <symbol id="sm-a64">
         <name>feraiseexcept</name>
         <value>0x13c00</value>
         <object_component_ref idref="oc-40b"/>
      </symbol>
      <symbol id="sm-a65">
         <name>_Tls_setup__Fenv</name>
         <value>0x1d34</value>
         <object_component_ref idref="oc-43e"/>
      </symbol>
      <symbol id="sm-a66">
         <name>_Fenv</name>
         <value>0x1d30</value>
         <object_component_ref idref="oc-43e"/>
      </symbol>
      <symbol id="sm-a76">
         <name>ltoa</name>
         <value>0x13478</value>
         <object_component_ref idref="oc-324"/>
      </symbol>
      <symbol id="sm-a83">
         <name>__mspabi_remli</name>
         <value>0x139e6</value>
         <object_component_ref idref="oc-38a"/>
      </symbol>
      <symbol id="sm-a84">
         <name>__mspabi_divli</name>
         <value>0x139e6</value>
         <object_component_ref idref="oc-38a"/>
      </symbol>
      <symbol id="sm-a91">
         <name>abs</name>
         <value>0x13eaa</value>
         <object_component_ref idref="oc-38f"/>
      </symbol>
      <symbol id="sm-aa0">
         <name>memccpy</name>
         <value>0x13d98</value>
         <object_component_ref idref="oc-24f"/>
      </symbol>
      <symbol id="sm-aae">
         <name>memset</name>
         <value>0x13dd2</value>
         <object_component_ref idref="oc-23b"/>
      </symbol>
      <symbol id="sm-ac2">
         <name>raise</name>
         <value>0x13c66</value>
         <object_component_ref idref="oc-441"/>
      </symbol>
      <symbol id="sm-ad7">
         <name>signal</name>
         <value>0x13b92</value>
         <object_component_ref idref="oc-45a"/>
      </symbol>
      <symbol id="sm-ae6">
         <name>strchr</name>
         <value>0x13db6</value>
         <object_component_ref idref="oc-3cf"/>
      </symbol>
      <symbol id="sm-af3">
         <name>strlen</name>
         <value>0x13e90</value>
         <object_component_ref idref="oc-1a3"/>
      </symbol>
      <symbol id="sm-b00">
         <name>toupper</name>
         <value>0x13e4e</value>
         <object_component_ref idref="oc-277"/>
      </symbol>
      <symbol id="sm-b05">
         <name>__TI_INITARRAY_Base</name>
         <value>0x0</value>
      </symbol>
      <symbol id="sm-b06">
         <name>__TI_INITARRAY_Limit</name>
         <value>0x0</value>
      </symbol>
   </symbol_table>
   <title>Link successful</title>
</link_info>
